<html>
<body>
<pre>
<h1>礦ision Build Log</h1>
<h2>Tool Versions:</h2>
IDE-Version: μVision V5.31.0.0
Copyright (C) 2020 ARM Ltd and ARM Germany GmbH. All rights reserved.
License Information: d G7, d, LIC=NQQMA-1YLTJ-LQD0Q-NWZRD-22WWN-BBLA8
 
Tool Versions:
Toolchain:       MDK-ARM Plus  Version: 5.31.0.0
Toolchain Path:  D:\keil-arm\ARM\ARMCC\Bin
C Compiler:      Armcc.exe V5.06 update 6 (build 750)
Assembler:       Armasm.exe V5.06 update 6 (build 750)
Linker/Locator:  ArmLink.exe V5.06 update 6 (build 750)
Library Manager: ArmAr.exe V5.06 update 6 (build 750)
Hex Converter:   FromElf.exe V5.06 update 6 (build 750)
CPU DLL:         SARMCM3.DLL V5.31.0.0
Dialog DLL:      DCM.DLL V1.17.3.0
Target DLL:      Segger\JL2CM3.dll V2.99.38.0
Dialog DLL:      TCM.DLL V1.46.0.0
 
<h2>Project:</h2>
E:\初级项目\test\test new - new4（20201017）（学姐）（LORA+激光） - 副本 - 副本\USER\LORA.uvprojx
Project File Date:  10/14/2020

<h2>Output:</h2>
*** Using Compiler 'V5.06 update 6 (build 750)', folder: 'D:\keil-arm\ARM\ARMCC\Bin'
Rebuild target 'LORA'
compiling spi.c...
compiling stm32f10x_it.c...
compiling MMC_SD.C...
compiling led.c...
compiling 24cxx.c...
compiling myiic.c...
compiling system_stm32f10x.c...
compiling flash.c...
compiling touch.c...
compiling main.c...
main.c(63): warning:  #177-D: label "DATA"  was declared but never referenced
  DATA:
main.c: 1 warning, 0 errors
compiling ctiic.c...
assembling startup_stm32f10x_hd.s...
compiling lcd.c...
compiling Water_Test.c...
compiling key.c...
compiling ott2001a.c...
compiling core_cm3.c...
compiling delay.c...
compiling usart2.c...
compiling sys.c...
compiling usart.c...
compiling stm32f10x_gpio.c...
compiling stm32f10x_rcc.c...
compiling stm32f10x_usart.c...
compiling misc.c...
compiling stm32f10x_spi.c...
compiling stm32f10x_exti.c...
compiling stm32f10x_dma.c...
compiling malloc.c...
compiling exfuns.c...
compiling stm32f10x_tim.c...
compiling fattester.c...
compiling diskio.c...
compiling mycc936.c...
compiling ff.c...
compiling usmart_config.c...
compiling usmart_str.c...
compiling text.c...
compiling fontupd.c...
compiling usmart.c...
compiling lora_ui.c...
..\LORA\lora_ui.c(308): warning:  #177-D: variable "t"  was declared but never referenced
  	u8 t=0;
..\LORA\lora_ui.c: 1 warning, 0 errors
compiling lora_app.c...
..\LORA\lora_app.c(271): warning:  #175-D: subscript out of range
  	    flag[4]++;//Dire_Date[4]数据更新
..\LORA\lora_app.c(281): warning:  #177-D: variable "i"  was declared but never referenced
      u16 i=0;
..\LORA\lora_app.c(323): warning:  #177-D: variable "key"  was declared but never referenced
  	u8 key=0;
..\LORA\lora_app.c(324): warning:  #177-D: variable "t"  was declared but never referenced
  	static u8 t=0;
..\LORA\lora_app.c(326): warning:  #177-D: label "DATA"  was declared but never referenced
   DATA:
..\LORA\lora_app.c: 5 warnings, 0 errors
compiling vl53l0x_api.c...
compiling vl53l0x_api_calibration.c...
compiling vl53l0x_i2c.c...
compiling vl53l0x_platform.c...
compiling vl53l0x_api_ranging.c...
compiling vl53l0x_cali.c...
compiling vl53l0x_api_strings.c...
compiling vl53l0x.c...
compiling vl53l0x_gen.c...
..\HARDWARE\VL53L0X\demo\vl53l0x_gen.c(121): warning:  #550-D: variable "key"  was set but never used
  	u8 key=0;
..\HARDWARE\VL53L0X\demo\vl53l0x_gen.c(191): warning:  #550-D: variable "key"  was set but never used
  	u8 key=0;
..\HARDWARE\VL53L0X\demo\vl53l0x_gen.c: 2 warnings, 0 errors
compiling vl53l0x_it.c...
compiling vl53l0x_api_core.c...
linking...
Program Size: Code=85198 RO-data=7670 RW-data=1408 ZI-data=42320  
FromELF: creating hex file...
"..\OBJ\LORA.axf" - 0 Error(s), 9 Warning(s).

<h2>Software Packages used:</h2>

Package Vendor: Keil
                http://www.keil.com/pack/Keil.STM32F1xx_DFP.2.3.0.pack
                Keil.STM32F1xx_DFP.2.3.0
                STMicroelectronics STM32F1 Series Device Support, Drivers and Examples

<h2>Collection of Component include folders:</h2>
  C:\Users\G7\AppData\Local\Arm\Packs\Keil\STM32F1xx_DFP\2.3.0\Device\Include

<h2>Collection of Component Files used:</h2>
Build Time Elapsed:  00:00:04
</pre>
</body>
</html>
