Component: ARM Compiler 5.06 update 6 (build 750) Tool: armlink [4d35ed]

==============================================================================

Section Cross References

    main.o(.text) refers to misc.o(.text) for NVIC_PriorityGroupConfig
    main.o(.text) refers to delay.o(.text) for delay_init
    main.o(.text) refers to usart.o(.text) for uart_init
    main.o(.text) refers to led.o(.text) for LED_Init
    main.o(.text) refers to key.o(.text) for KEY_Init
    main.o(.text) refers to 24cxx.o(.text) for AT24CXX_Init
    main.o(.text) refers to lora_app.o(.text) for LoRa_Init
    main.o(.text) refers to lora_ui.o(.text) for Menu_cfg
    main.o(.text) refers to __2printf.o(.text) for __2printf
    main.o(.text) refers to vl53l0x.o(.text) for vl53l0x_test
    main.o(.text) refers to usmart_config.o(.data) for usmart_dev
    system_stm32f10x.o(.text) refers to system_stm32f10x.o(.data) for SystemCoreClock
    led.o(.text) refers to stm32f10x_rcc.o(.text) for RCC_APB2PeriphClockCmd
    led.o(.text) refers to stm32f10x_gpio.o(.text) for GPIO_Init
    lcd.o(.text) refers to _printf_percent.o(.ARM.Collect$$_printf_percent$$00000000) for _printf_percent
    lcd.o(.text) refers to _printf_x.o(.ARM.Collect$$_printf_percent$$0000000C) for _printf_x
    lcd.o(.text) refers to _printf_hex_int_ll_ptr.o(.text) for _printf_longlong_hex
    lcd.o(.text) refers to delay.o(.text) for delay_us
    lcd.o(.text) refers to lcd.o(.bss) for lcddev
    lcd.o(.text) refers to dflt_clz.o(x$fpl$dfltu) for __aeabi_ui2d
    lcd.o(.text) refers to dmul.o(x$fpl$dmul) for __aeabi_dmul
    lcd.o(.text) refers to dfixu.o(x$fpl$dfixu) for __aeabi_d2uiz
    lcd.o(.text) refers to lcd.o(.data) for POINT_COLOR
    lcd.o(.text) refers to stm32f10x_rcc.o(.text) for RCC_APB2PeriphClockCmd
    lcd.o(.text) refers to stm32f10x_gpio.o(.text) for GPIO_PinRemapConfig
    lcd.o(.text) refers to __2printf.o(.text) for __2printf
    lcd.o(.text) refers to lcd.o(.constdata) for asc2_1206
    key.o(.text) refers to stm32f10x_rcc.o(.text) for RCC_APB2PeriphClockCmd
    key.o(.text) refers to stm32f10x_gpio.o(.text) for GPIO_PinRemapConfig
    key.o(.text) refers to delay.o(.text) for delay_ms
    key.o(.text) refers to key.o(.data) for key_up
    myiic.o(.text) refers to stm32f10x_rcc.o(.text) for RCC_APB2PeriphClockCmd
    myiic.o(.text) refers to stm32f10x_gpio.o(.text) for GPIO_Init
    myiic.o(.text) refers to delay.o(.text) for delay_us
    24cxx.o(.text) refers to myiic.o(.text) for IIC_Init
    24cxx.o(.text) refers to delay.o(.text) for delay_ms
    spi.o(.text) refers to stm32f10x_spi.o(.text) for SPI_I2S_GetFlagStatus
    spi.o(.text) refers to stm32f10x_rcc.o(.text) for RCC_APB2PeriphClockCmd
    spi.o(.text) refers to stm32f10x_gpio.o(.text) for GPIO_Init
    spi.o(.text) refers to spi.o(.bss) for SPI_InitStructure
    usart2.o(.text) refers to stm32f10x_tim.o(.text) for TIM_SetCounter
    usart2.o(.text) refers to stm32f10x_usart.o(.text) for USART_GetITStatus
    usart2.o(.text) refers to stm32f10x_rcc.o(.text) for RCC_APB1PeriphClockCmd
    usart2.o(.text) refers to misc.o(.text) for NVIC_Init
    usart2.o(.text) refers to stm32f10x_dma.o(.text) for DMA_DeInit
    usart2.o(.text) refers to stm32f10x_gpio.o(.text) for GPIO_Init
    usart2.o(.text) refers to vsprintf.o(.text) for vsprintf
    usart2.o(.text) refers to strlen.o(.text) for strlen
    usart2.o(.text) refers to usart2.o(.data) for USART2_RX_STA
    usart2.o(.text) refers to lora_app.o(.data) for Lora_mode
    usart2.o(.text) refers to usart2.o(.bss) for USART2_RX_BUF
    flash.o(.text) refers to spi.o(.text) for SPI1_ReadWriteByte
    flash.o(.text) refers to stm32f10x_rcc.o(.text) for RCC_APB2PeriphClockCmd
    flash.o(.text) refers to stm32f10x_gpio.o(.text) for GPIO_Init
    flash.o(.text) refers to malloc.o(.text) for mymalloc
    flash.o(.text) refers to delay.o(.text) for delay_us
    flash.o(.text) refers to flash.o(.data) for SPI_FLASH_TYPE
    mmc_sd.o(.text) refers to spi.o(.text) for SPI1_ReadWriteByte
    mmc_sd.o(.text) refers to stm32f10x_rcc.o(.text) for RCC_APB2PeriphClockCmd
    mmc_sd.o(.text) refers to stm32f10x_gpio.o(.text) for GPIO_Init
    mmc_sd.o(.text) refers to mmc_sd.o(.data) for SD_Type
    ctiic.o(.text) refers to delay.o(.text) for delay_us
    ctiic.o(.text) refers to stm32f10x_rcc.o(.text) for RCC_APB2PeriphClockCmd
    ctiic.o(.text) refers to stm32f10x_gpio.o(.text) for GPIO_Init
    ott2001a.o(.text) refers to _printf_percent.o(.ARM.Collect$$_printf_percent$$00000000) for _printf_percent
    ott2001a.o(.text) refers to _printf_x.o(.ARM.Collect$$_printf_percent$$0000000C) for _printf_x
    ott2001a.o(.text) refers to _printf_hex_int_ll_ptr.o(.text) for _printf_longlong_hex
    ott2001a.o(.text) refers to ctiic.o(.text) for CT_IIC_Start
    ott2001a.o(.text) refers to delay.o(.text) for delay_ms
    ott2001a.o(.text) refers to __2printf.o(.text) for __2printf
[...]
    TIM_GetPrescaler                         0x08009a51   Thumb Code     6  stm32f10x_tim.o(.text)
    TIM_GetFlagStatus                        0x08009a57   Thumb Code    18  stm32f10x_tim.o(.text)
    TIM_ClearFlag                            0x08009a69   Thumb Code     6  stm32f10x_tim.o(.text)
    TIM_GetITStatus                          0x08009a6f   Thumb Code    34  stm32f10x_tim.o(.text)
    TIM_ClearITPendingBit                    0x08009a91   Thumb Code     6  stm32f10x_tim.o(.text)
    DMA_DeInit                               0x08009a99   Thumb Code   324  stm32f10x_dma.o(.text)
    DMA_Init                                 0x08009bdd   Thumb Code    60  stm32f10x_dma.o(.text)
    DMA_StructInit                           0x08009c19   Thumb Code    26  stm32f10x_dma.o(.text)
    DMA_Cmd                                  0x08009c33   Thumb Code    24  stm32f10x_dma.o(.text)
    DMA_ITConfig                             0x08009c4b   Thumb Code    18  stm32f10x_dma.o(.text)
    DMA_SetCurrDataCounter                   0x08009c5d   Thumb Code     4  stm32f10x_dma.o(.text)
    DMA_GetCurrDataCounter                   0x08009c61   Thumb Code     8  stm32f10x_dma.o(.text)
    DMA_GetFlagStatus                        0x08009c69   Thumb Code    40  stm32f10x_dma.o(.text)
    DMA_ClearFlag                            0x08009c91   Thumb Code    22  stm32f10x_dma.o(.text)
    DMA_GetITStatus                          0x08009ca7   Thumb Code    40  stm32f10x_dma.o(.text)
    DMA_ClearITPendingBit                    0x08009ccf   Thumb Code    22  stm32f10x_dma.o(.text)
    SPI_I2S_DeInit                           0x08009ced   Thumb Code    76  stm32f10x_spi.o(.text)
    SPI_Init                                 0x08009d39   Thumb Code    60  stm32f10x_spi.o(.text)
    I2S_Init                                 0x08009d75   Thumb Code   226  stm32f10x_spi.o(.text)
    SPI_StructInit                           0x08009e57   Thumb Code    24  stm32f10x_spi.o(.text)
    I2S_StructInit                           0x08009e6f   Thumb Code    20  stm32f10x_spi.o(.text)
    SPI_Cmd                                  0x08009e83   Thumb Code    24  stm32f10x_spi.o(.text)
    I2S_Cmd                                  0x08009e9b   Thumb Code    24  stm32f10x_spi.o(.text)
    SPI_I2S_ITConfig                         0x08009eb3   Thumb Code    32  stm32f10x_spi.o(.text)
    SPI_I2S_DMACmd                           0x08009ed3   Thumb Code    18  stm32f10x_spi.o(.text)
    SPI_I2S_SendData                         0x08009ee5   Thumb Code     4  stm32f10x_spi.o(.text)
    SPI_I2S_ReceiveData                      0x08009ee9   Thumb Code     6  stm32f10x_spi.o(.text)
    SPI_NSSInternalSoftwareConfig            0x08009eef   Thumb Code    30  stm32f10x_spi.o(.text)
    SPI_SSOutputCmd                          0x08009f0d   Thumb Code    24  stm32f10x_spi.o(.text)
    SPI_DataSizeConfig                       0x08009f25   Thumb Code    18  stm32f10x_spi.o(.text)
    SPI_TransmitCRC                          0x08009f37   Thumb Code    10  stm32f10x_spi.o(.text)
    SPI_CalculateCRC                         0x08009f41   Thumb Code    24  stm32f10x_spi.o(.text)
    SPI_GetCRC                               0x08009f59   Thumb Code    16  stm32f10x_spi.o(.text)
    SPI_GetCRCPolynomial                     0x08009f69   Thumb Code     6  stm32f10x_spi.o(.text)
    SPI_BiDirectionalLineConfig              0x08009f6f   Thumb Code    28  stm32f10x_spi.o(.text)
    SPI_I2S_GetFlagStatus                    0x08009f8b   Thumb Code    18  stm32f10x_spi.o(.text)
    SPI_I2S_ClearFlag                        0x08009f9d   Thumb Code     6  stm32f10x_spi.o(.text)
    SPI_I2S_GetITStatus                      0x08009fa3   Thumb Code    52  stm32f10x_spi.o(.text)
    SPI_I2S_ClearITPendingBit                0x08009fd7   Thumb Code    20  stm32f10x_spi.o(.text)
    VL53L0X_GetVersion                       0x08009ff9   Thumb Code    24  vl53l0x_api.o(.text)
    VL53L0X_GetPalSpecVersion                0x0800a011   Thumb Code    24  vl53l0x_api.o(.text)
    VL53L0X_GetProductRevision               0x0800a029   Thumb Code    38  vl53l0x_api.o(.text)
    VL53L0X_GetDeviceInfo                    0x0800a04f   Thumb Code    22  vl53l0x_api.o(.text)
    VL53L0X_GetDeviceErrorStatus             0x0800a065   Thumb Code    34  vl53l0x_api.o(.text)
    VL53L0X_GetDeviceErrorString             0x0800a087   Thumb Code    22  vl53l0x_api.o(.text)
    VL53L0X_GetRangeStatusString             0x0800a09d   Thumb Code    22  vl53l0x_api.o(.text)
    VL53L0X_GetPalErrorString                0x0800a0b3   Thumb Code    22  vl53l0x_api.o(.text)
    VL53L0X_GetPalStateString                0x0800a0c9   Thumb Code    22  vl53l0x_api.o(.text)
    VL53L0X_GetPalState                      0x0800a0df   Thumb Code    12  vl53l0x_api.o(.text)
    VL53L0X_GetVcselPulsePeriod              0x0800a0eb   Thumb Code    30  vl53l0x_api.o(.text)
    VL53L0X_SetMeasurementTimingBudgetMicroSeconds 0x0800a109   Thumb Code    22  vl53l0x_api.o(.text)
    VL53L0X_SetSequenceStepEnable            0x0800a11f   Thumb Code   196  vl53l0x_api.o(.text)
    VL53L0X_GetFractionEnable                0x0800a1e3   Thumb Code    34  vl53l0x_api.o(.text)
    VL53L0X_GetMeasurementTimingBudgetMicroSeconds 0x0800a205   Thumb Code    22  vl53l0x_api.o(.text)
    VL53L0X_GetWrapAroundCheckEnable         0x0800a21b   Thumb Code    62  vl53l0x_api.o(.text)
    VL53L0X_GetLimitCheckEnable              0x0800a259   Thumb Code    28  vl53l0x_api.o(.text)
    VL53L0X_GetLimitCheckValue               0x0800a275   Thumb Code   182  vl53l0x_api.o(.text)
    VL53L0X_GetOffsetCalibrationDataMicroMeter 0x0800a32b   Thumb Code    22  vl53l0x_api.o(.text)
    VL53L0X_GetXTalkCompensationRateMegaCps  0x0800a341   Thumb Code    56  vl53l0x_api.o(.text)
    VL53L0X_GetInterMeasurementPeriodMilliSeconds 0x0800a379   Thumb Code    62  vl53l0x_api.o(.text)
    VL53L0X_GetDeviceMode                    0x0800a3b7   Thumb Code    10  vl53l0x_api.o(.text)
    VL53L0X_GetDeviceParameters              0x0800a3c1   Thumb Code   160  vl53l0x_api.o(.text)
    VL53L0X_ClearInterruptMask               0x0800a461   Thumb Code    82  vl53l0x_api.o(.text)
    VL53L0X_SetGpioConfig                    0x0800a4b3   Thumb Code   358  vl53l0x_api.o(.text)
    VL53L0X_StaticInit                       0x0800a619   Thumb Code   410  vl53l0x_api.o(.text)
    VL53L0X_SetPowerMode                     0x0800a7b3   Thumb Code    84  vl53l0x_api.o(.text)
    VL53L0X_GetPowerMode                     0x0800a807   Thumb Code    48  vl53l0x_api.o(.text)
    VL53L0X_SetOffsetCalibrationDataMicroMeter 0x0800a837   Thumb Code    22  vl53l0x_api.o(.text)
    VL53L0X_SetLinearityCorrectiveGain       0x0800a84d   Thumb Code    50  vl53l0x_api.o(.text)
    VL53L0X_GetLinearityCorrectiveGain       0x0800a87f   Thumb Code    12  vl53l0x_api.o(.text)
    VL53L0X_SetGroupParamHold                0x0800a88b   Thumb Code     8  vl53l0x_api.o(.text)
    VL53L0X_GetUpperLimitMilliMeter          0x0800a893   Thumb Code     8  vl53l0x_api.o(.text)
    VL53L0X_GetTotalSignalRate               0x0800a89b   Thumb Code    40  vl53l0x_api.o(.text)
    VL53L0X_SetDeviceAddress                 0x0800a8c3   Thumb Code    36  vl53l0x_api.o(.text)
    VL53L0X_SetLimitCheckValue               0x0800a8e7   Thumb Code   118  vl53l0x_api.o(.text)
    VL53L0X_SetLimitCheckEnable              0x0800a95d   Thumb Code   194  vl53l0x_api.o(.text)
    VL53L0X_DataInit                         0x0800aa1f   Thumb Code   420  vl53l0x_api.o(.text)
    VL53L0X_SetTuningSettingBuffer           0x0800abc3   Thumb Code    40  vl53l0x_api.o(.text)
    VL53L0X_GetTuningSettingBuffer           0x0800abeb   Thumb Code    20  vl53l0x_api.o(.text)
    VL53L0X_WaitDeviceBooted                 0x0800abff   Thumb Code     8  vl53l0x_api.o(.text)
    VL53L0X_ResetDevice                      0x0800ac07   Thumb Code   102  vl53l0x_api.o(.text)
    VL53L0X_SetWrapAroundCheckEnable         0x0800ac6d   Thumb Code    80  vl53l0x_api.o(.text)
    VL53L0X_SetXTalkCompensationRateMegaCps  0x0800acbd   Thumb Code    64  vl53l0x_api.o(.text)
    VL53L0X_SetInterMeasurementPeriodMilliSeconds 0x0800acfd   Thumb Code    60  vl53l0x_api.o(.text)
    VL53L0X_SetDeviceMode                    0x0800ad39   Thumb Code    50  vl53l0x_api.o(.text)
    VL53L0X_SetDeviceParameters              0x0800ad6b   Thumb Code   146  vl53l0x_api.o(.text)
    VL53L0X_SetRangeFractionEnable           0x0800adfd   Thumb Code    30  vl53l0x_api.o(.text)
    VL53L0X_SetHistogramMode                 0x0800ae1b   Thumb Code     8  vl53l0x_api.o(.text)
    VL53L0X_GetHistogramMode                 0x0800ae23   Thumb Code     8  vl53l0x_api.o(.text)
    VL53L0X_SetVcselPulsePeriod              0x0800ae2b   Thumb Code    42  vl53l0x_api.o(.text)
    sequence_step_enabled                    0x0800ae55   Thumb Code    72  vl53l0x_api.o(.text)
    VL53L0X_GetSequenceStepEnable            0x0800ae9d   Thumb Code    48  vl53l0x_api.o(.text)
    VL53L0X_GetSequenceStepEnables           0x0800aecd   Thumb Code   118  vl53l0x_api.o(.text)
    VL53L0X_GetNumberOfSequenceSteps         0x0800af43   Thumb Code    10  vl53l0x_api.o(.text)
    VL53L0X_GetSequenceStepsInfo             0x0800af4d   Thumb Code    22  vl53l0x_api.o(.text)
    VL53L0X_SetSequenceStepTimeout           0x0800af63   Thumb Code   110  vl53l0x_api.o(.text)
    VL53L0X_GetSequenceStepTimeout           0x0800afd1   Thumb Code    56  vl53l0x_api.o(.text)
    VL53L0X_SetXTalkCompensationEnable       0x0800b009   Thumb Code    62  vl53l0x_api.o(.text)
    VL53L0X_GetXTalkCompensationEnable       0x0800b047   Thumb Code    12  vl53l0x_api.o(.text)
    VL53L0X_SetRefCalibration                0x0800b053   Thumb Code    30  vl53l0x_api.o(.text)
    VL53L0X_GetRefCalibration                0x0800b071   Thumb Code    30  vl53l0x_api.o(.text)
    VL53L0X_GetNumberOfLimitCheck            0x0800b08f   Thumb Code    10  vl53l0x_api.o(.text)
    VL53L0X_GetLimitCheckInfo                0x0800b099   Thumb Code    30  vl53l0x_api.o(.text)
    VL53L0X_GetLimitCheckStatus              0x0800b0b7   Thumb Code    24  vl53l0x_api.o(.text)
    VL53L0X_GetLimitCheckCurrent             0x0800b0cf   Thumb Code   136  vl53l0x_api.o(.text)
    VL53L0X_SetDmaxCalParameters             0x0800b157   Thumb Code    62  vl53l0x_api.o(.text)
    VL53L0X_GetDmaxCalParameters             0x0800b195   Thumb Code    20  vl53l0x_api.o(.text)
    VL53L0X_GetInterruptThresholds           0x0800b1a9   Thumb Code    66  vl53l0x_api.o(.text)
    VL53L0X_CheckAndLoadInterruptSettings    0x0800b1eb   Thumb Code   126  vl53l0x_api.o(.text)
    VL53L0X_StartMeasurement                 0x0800b269   Thumb Code   268  vl53l0x_api.o(.text)
    VL53L0X_PerformSingleMeasurement         0x0800b375   Thumb Code    60  vl53l0x_api.o(.text)
    VL53L0X_PerformSingleHistogramMeasurement 0x0800b3b1   Thumb Code     8  vl53l0x_api.o(.text)
    VL53L0X_PerformRefCalibration            0x0800b3b9   Thumb Code    32  vl53l0x_api.o(.text)
    VL53L0X_PerformXTalkMeasurement          0x0800b3d9   Thumb Code    10  vl53l0x_api.o(.text)
    VL53L0X_PerformXTalkCalibration          0x0800b3e3   Thumb Code    30  vl53l0x_api.o(.text)
    VL53L0X_PerformOffsetCalibration         0x0800b401   Thumb Code    30  vl53l0x_api.o(.text)
    VL53L0X_StopMeasurement                  0x0800b41f   Thumb Code   102  vl53l0x_api.o(.text)
    VL53L0X_GetInterruptMaskStatus           0x0800b485   Thumb Code    48  vl53l0x_api.o(.text)
    VL53L0X_GetMeasurementDataReady          0x0800b4b5   Thumb Code    86  vl53l0x_api.o(.text)
    VL53L0X_WaitDeviceReadyForNewMeasurement 0x0800b50b   Thumb Code     8  vl53l0x_api.o(.text)
    VL53L0X_GetRangingMeasurementData        0x0800b513   Thumb Code   372  vl53l0x_api.o(.text)
    VL53L0X_GetMeasurementRefSignal          0x0800b687   Thumb Code    46  vl53l0x_api.o(.text)
    VL53L0X_GetHistogramMeasurementData      0x0800b6b5   Thumb Code     8  vl53l0x_api.o(.text)
    VL53L0X_PerformSingleRangingMeasurement  0x0800b6bd   Thumb Code    56  vl53l0x_api.o(.text)
    VL53L0X_SetNumberOfROIZones              0x0800b6f5   Thumb Code    12  vl53l0x_api.o(.text)
    VL53L0X_GetNumberOfROIZones              0x0800b701   Thumb Code    10  vl53l0x_api.o(.text)
    VL53L0X_GetMaxNumberOfROIZones           0x0800b70b   Thumb Code    10  vl53l0x_api.o(.text)
    VL53L0X_GetGpioConfig                    0x0800b715   Thumb Code   160  vl53l0x_api.o(.text)
    VL53L0X_SetInterruptThresholds           0x0800b7b5   Thumb Code    54  vl53l0x_api.o(.text)
    VL53L0X_GetStopCompletedStatus           0x0800b7eb   Thumb Code   154  vl53l0x_api.o(.text)
    VL53L0X_EnableInterruptMask              0x0800b885   Thumb Code     8  vl53l0x_api.o(.text)
    VL53L0X_SetSpadAmbientDamperThreshold    0x0800b88d   Thumb Code    48  vl53l0x_api.o(.text)
    VL53L0X_GetSpadAmbientDamperThreshold    0x0800b8bd   Thumb Code    48  vl53l0x_api.o(.text)
    VL53L0X_SetSpadAmbientDamperFactor       0x0800b8ed   Thumb Code    54  vl53l0x_api.o(.text)
    VL53L0X_GetSpadAmbientDamperFactor       0x0800b923   Thumb Code    54  vl53l0x_api.o(.text)
    VL53L0X_SetReferenceSpads                0x0800b959   Thumb Code    30  vl53l0x_api.o(.text)
    VL53L0X_GetReferenceSpads                0x0800b977   Thumb Code    30  vl53l0x_api.o(.text)
    VL53L0X_PerformRefSpadManagement         0x0800b995   Thumb Code    30  vl53l0x_api.o(.text)
    VL53L0X_perform_xtalk_calibration        0x0800b9b5   Thumb Code   296  vl53l0x_api_calibration.o(.text)
    VL53L0X_perform_offset_calibration       0x0800badd   Thumb Code   228  vl53l0x_api_calibration.o(.text)
    VL53L0X_set_offset_calibration_data_micro_meter 0x0800bbc1   Thumb Code    74  vl53l0x_api_calibration.o(.text)
    VL53L0X_get_offset_calibration_data_micro_meter 0x0800bc0b   Thumb Code    86  vl53l0x_api_calibration.o(.text)
    VL53L0X_apply_offset_adjustment          0x0800bc61   Thumb Code    58  vl53l0x_api_calibration.o(.text)
    get_next_good_spad                       0x0800bc9b   Thumb Code   104  vl53l0x_api_calibration.o(.text)
    is_aperture                              0x0800bd03   Thumb Code    18  vl53l0x_api_calibration.o(.text)
    enable_spad_bit                          0x0800bd15   Thumb Code    50  vl53l0x_api_calibration.o(.text)
    count_enabled_spads                      0x0800bd47   Thumb Code   180  vl53l0x_api_calibration.o(.text)
    set_ref_spad_map                         0x0800bdfb   Thumb Code    24  vl53l0x_api_calibration.o(.text)
    get_ref_spad_map                         0x0800be13   Thumb Code    24  vl53l0x_api_calibration.o(.text)
    enable_ref_spads                         0x0800be2b   Thumb Code   172  vl53l0x_api_calibration.o(.text)
    perform_ref_signal_measurement           0x0800bed7   Thumb Code   110  vl53l0x_api_calibration.o(.text)
    VL53L0X_ref_calibration_io               0x0800bf45   Thumb Code   190  vl53l0x_api_calibration.o(.text)
    VL53L0X_perform_single_ref_calibration   0x0800c003   Thumb Code    64  vl53l0x_api_calibration.o(.text)
    VL53L0X_perform_phase_calibration        0x0800c043   Thumb Code   124  vl53l0x_api_calibration.o(.text)
    VL53L0X_perform_vhv_calibration          0x0800c0bf   Thumb Code   126  vl53l0x_api_calibration.o(.text)
    VL53L0X_perform_ref_calibration          0x0800c13d   Thumb Code    76  vl53l0x_api_calibration.o(.text)
    VL53L0X_perform_ref_spad_management      0x0800c189   Thumb Code   658  vl53l0x_api_calibration.o(.text)
    VL53L0X_set_reference_spads              0x0800c41b   Thumb Code   194  vl53l0x_api_calibration.o(.text)
    VL53L0X_get_reference_spads              0x0800c4dd   Thumb Code   120  vl53l0x_api_calibration.o(.text)
    VL53L0X_set_ref_calibration              0x0800c555   Thumb Code    46  vl53l0x_api_calibration.o(.text)
    VL53L0X_get_ref_calibration              0x0800c583   Thumb Code    48  vl53l0x_api_calibration.o(.text)
    VL53L0X_reverse_bytes                    0x0800c5b5   Thumb Code    34  vl53l0x_api_core.o(.text)
    VL53L0X_measurement_poll_for_completion  0x0800c5d7   Thumb Code    66  vl53l0x_api_core.o(.text)
    VL53L0X_decode_vcsel_period              0x0800c619   Thumb Code    12  vl53l0x_api_core.o(.text)
    VL53L0X_encode_vcsel_period              0x0800c625   Thumb Code    14  vl53l0x_api_core.o(.text)
    VL53L0X_isqrt                            0x0800c633   Thumb Code    44  vl53l0x_api_core.o(.text)
    VL53L0X_quadrature_sum                   0x0800c65f   Thumb Code    44  vl53l0x_api_core.o(.text)
    VL53L0X_device_read_strobe               0x0800c68b   Thumb Code    82  vl53l0x_api_core.o(.text)
    VL53L0X_get_info_from_device             0x0800c6dd   Thumb Code  1354  vl53l0x_api_core.o(.text)
    VL53L0X_calc_macro_period_ps             0x0800cc27   Thumb Code    22  vl53l0x_api_core.o(.text)
    VL53L0X_encode_timeout                   0x0800cc3d   Thumb Code    40  vl53l0x_api_core.o(.text)
    VL53L0X_decode_timeout                   0x0800cc65   Thumb Code    14  vl53l0x_api_core.o(.text)
    VL53L0X_calc_timeout_mclks               0x0800cc73   Thumb Code    52  vl53l0x_api_core.o(.text)
    VL53L0X_calc_timeout_us                  0x0800cca7   Thumb Code    52  vl53l0x_api_core.o(.text)
    get_sequence_step_timeout                0x0800ccdb   Thumb Code   290  vl53l0x_api_core.o(.text)
    set_sequence_step_timeout                0x0800cdfd   Thumb Code   306  vl53l0x_api_core.o(.text)
    VL53L0X_set_vcsel_pulse_period           0x0800cf2f   Thumb Code   766  vl53l0x_api_core.o(.text)
    VL53L0X_get_vcsel_pulse_period           0x0800d22d   Thumb Code    70  vl53l0x_api_core.o(.text)
    VL53L0X_set_measurement_timing_budget_micro_seconds 0x0800d273   Thumb Code   294  vl53l0x_api_core.o(.text)
    VL53L0X_get_measurement_timing_budget_micro_seconds 0x0800d399   Thumb Code   238  vl53l0x_api_core.o(.text)
    VL53L0X_load_tuning_settings             0x0800d487   Thumb Code   234  vl53l0x_api_core.o(.text)
    VL53L0X_get_total_xtalk_rate             0x0800d571   Thumb Code    58  vl53l0x_api_core.o(.text)
    VL53L0X_get_total_signal_rate            0x0800d5ab   Thumb Code    40  vl53l0x_api_core.o(.text)
    VL53L0X_calc_dmax                        0x0800d5d3   Thumb Code   390  vl53l0x_api_core.o(.text)
    VL53L0X_calc_sigma_estimate              0x0800d759   Thumb Code   788  vl53l0x_api_core.o(.text)
    VL53L0X_get_pal_range_status             0x0800da6d   Thumb Code   564  vl53l0x_api_core.o(.text)
    VL53L0X_check_part_used                  0x0800dca1   Thumb Code    74  vl53l0x_api_strings.o(.text)
    VL53L0X_get_device_info                  0x0800dceb   Thumb Code   152  vl53l0x_api_strings.o(.text)
    VL53L0X_get_device_error_string          0x0800dd83   Thumb Code   198  vl53l0x_api_strings.o(.text)
    VL53L0X_get_range_status_string          0x0800de49   Thumb Code    98  vl53l0x_api_strings.o(.text)
    VL53L0X_get_pal_error_string             0x0800deab   Thumb Code   298  vl53l0x_api_strings.o(.text)
    VL53L0X_get_pal_state_string             0x0800dfd5   Thumb Code  1078  vl53l0x_api_strings.o(.text)
    VL53L0X_get_sequence_steps_info          0x0800e40b   Thumb Code    84  vl53l0x_api_strings.o(.text)
    VL53L0X_get_limit_check_info             0x0800e45f   Thumb Code   106  vl53l0x_api_strings.o(.text)
    VL53L0X_i2c_init                         0x0800e5e5   Thumb Code    46  vl53l0x_i2c.o(.text)
    VL_IIC_Start                             0x0800e613   Thumb Code    64  vl53l0x_i2c.o(.text)
    VL_IIC_Stop                              0x0800e653   Thumb Code    66  vl53l0x_i2c.o(.text)
    VL_IIC_Wait_Ack                          0x0800e695   Thumb Code    86  vl53l0x_i2c.o(.text)
    VL_IIC_Ack                               0x0800e6eb   Thumb Code    70  vl53l0x_i2c.o(.text)
    VL_IIC_NAck                              0x0800e731   Thumb Code    70  vl53l0x_i2c.o(.text)
    VL_IIC_Send_Byte                         0x0800e777   Thumb Code   104  vl53l0x_i2c.o(.text)
    VL_IIC_Read_Byte                         0x0800e7df   Thumb Code   100  vl53l0x_i2c.o(.text)
    VL_IIC_Write_1Byte                       0x0800e843   Thumb Code    60  vl53l0x_i2c.o(.text)
    VL_IIC_Read_1Byte                        0x0800e87f   Thumb Code    74  vl53l0x_i2c.o(.text)
    VL_IIC_Write_nByte                       0x0800e8c9   Thumb Code    80  vl53l0x_i2c.o(.text)
    VL_IIC_Read_nByte                        0x0800e919   Thumb Code   106  vl53l0x_i2c.o(.text)
    VL53L0X_write_multi                      0x0800e983   Thumb Code    40  vl53l0x_i2c.o(.text)
    VL53L0X_read_multi                       0x0800e9ab   Thumb Code    40  vl53l0x_i2c.o(.text)
    VL53L0X_write_byte                       0x0800e9d3   Thumb Code    38  vl53l0x_i2c.o(.text)
    VL53L0X_write_word                       0x0800e9f9   Thumb Code    86  vl53l0x_i2c.o(.text)
    VL53L0X_write_dword                      0x0800ea4f   Thumb Code    52  vl53l0x_i2c.o(.text)
    VL53L0X_read_byte                        0x0800ea83   Thumb Code    32  vl53l0x_i2c.o(.text)
    VL53L0X_read_word                        0x0800eaa3   Thumb Code    42  vl53l0x_i2c.o(.text)
    VL53L0X_read_dword                       0x0800eacd   Thumb Code    58  vl53l0x_i2c.o(.text)
    VL53L0X_WriteMulti                       0x0800eb07   Thumb Code    60  vl53l0x_platform.o(.text)
    VL53L0X_ReadMulti                        0x0800eb43   Thumb Code    54  vl53l0x_platform.o(.text)
    VL53L0X_WrByte                           0x0800eb79   Thumb Code    44  vl53l0x_platform.o(.text)
    VL53L0X_WrWord                           0x0800eba5   Thumb Code    44  vl53l0x_platform.o(.text)
    VL53L0X_WrDWord                          0x0800ebd1   Thumb Code    44  vl53l0x_platform.o(.text)
    VL53L0X_UpdateByte                       0x0800ebfd   Thumb Code    82  vl53l0x_platform.o(.text)
    VL53L0X_RdByte                           0x0800ec4f   Thumb Code    44  vl53l0x_platform.o(.text)
    VL53L0X_RdWord                           0x0800ec7b   Thumb Code    44  vl53l0x_platform.o(.text)
    VL53L0X_RdDWord                          0x0800eca7   Thumb Code    44  vl53l0x_platform.o(.text)
    VL53L0X_PollingDelay                     0x0800ecd3   Thumb Code    26  vl53l0x_platform.o(.text)
    print_pal_error                          0x0800eced   Thumb Code    28  vl53l0x.o(.text)
    mode_string                              0x0800ed09   Thumb Code    66  vl53l0x.o(.text)
    vl53l0x_Addr_set                         0x0800ed4b   Thumb Code   150  vl53l0x.o(.text)
    vl53l0x_reset                            0x0800ede1   Thumb Code    56  vl53l0x.o(.text)
    vl53l0x_init                             0x0800ee19   Thumb Code   186  vl53l0x.o(.text)
    vl53l0x_mtest_ui                         0x0800eed3   Thumb Code    22  vl53l0x.o(.text)
    vl53l0x_test                             0x0800eee9   Thumb Code   166  vl53l0x.o(.text)
    vl53l0x_info                             0x0800ef8f   Thumb Code    70  vl53l0x.o(.text)
    One_measurement                          0x0800efd5   Thumb Code    32  vl53l0x.o(.text)
    calibration_test                         0x0800eff5   Thumb Code    10  vl53l0x.o(.text)
    vl53l0x_adjust                           0x0800f1a9   Thumb Code   468  vl53l0x_cali.o(.text)
    vl53l0x_calibration_test                 0x0800f37d   Thumb Code  1158  vl53l0x_cali.o(.text)
    vl53l0x_set_mode                         0x0800f829   Thumb Code   422  vl53l0x_gen.o(.text)
    vl53l0x_start_single_test                0x0800f9cf   Thumb Code    58  vl53l0x_gen.o(.text)
    vl53l0x_general_start                    0x0800fa09   Thumb Code   360  vl53l0x_gen.o(.text)
    general_ui                               0x0800fb71   Thumb Code    10  vl53l0x_gen.o(.text)
    vl53l0x_general_test                     0x0800fb7b   Thumb Code   410  vl53l0x_gen.o(.text)
    EXTI3_IRQHandler                         0x0800fd83   Thumb Code    16  vl53l0x_it.o(.text)
    vl53l0x_interrupt_start                  0x0800fd93   Thumb Code   886  vl53l0x_it.o(.text)
    interrupt_ui                             0x08010109   Thumb Code    10  vl53l0x_it.o(.text)
    vl53l0x_interrupt_test                   0x08010113   Thumb Code   360  vl53l0x_it.o(.text)
    usmart_sys_cmd_exe                       0x080102b1   Thumb Code  1554  usmart.o(.text)
    usmart_reset_runtime                     0x080108c3   Thumb Code    38  usmart.o(.text)
    usmart_get_runtime                       0x080108e9   Thumb Code    56  usmart.o(.text)
    TIM3_IRQHandler                          0x08010921   Thumb Code    50  usmart.o(.text)
    Timer4_Init                              0x08010953   Thumb Code    94  usmart.o(.text)
    usmart_init                              0x080109b1   Thumb Code    36  usmart.o(.text)
    usmart_cmd_rec                           0x080109d5   Thumb Code   170  usmart.o(.text)
    usmart_exe                               0x08010a7f   Thumb Code   872  usmart.o(.text)
    usmart_scan                              0x08010de7   Thumb Code   120  usmart.o(.text)
    read_addr                                0x08010e5f   Thumb Code     6  usmart.o(.text)
    write_addr                               0x08010e65   Thumb Code     4  usmart.o(.text)
    usmart_strcmp                            0x08010ef1   Thumb Code    34  usmart_str.o(.text)
    usmart_strcopy                           0x08010f13   Thumb Code    22  usmart_str.o(.text)
    usmart_strlen                            0x08010f29   Thumb Code    24  usmart_str.o(.text)
    usmart_pow                               0x08010f41   Thumb Code    22  usmart_str.o(.text)
    usmart_str2num                           0x08010f57   Thumb Code   202  usmart_str.o(.text)
    usmart_get_cmdname                       0x08011021   Thumb Code    54  usmart_str.o(.text)
    usmart_search_nextc                      0x08011057   Thumb Code    22  usmart_str.o(.text)
    usmart_get_fname                         0x0801106d   Thumb Code   440  usmart_str.o(.text)
    usmart_get_aparm                         0x08011225   Thumb Code   200  usmart_str.o(.text)
    usmart_get_parmpos                       0x080112ed   Thumb Code    26  usmart_str.o(.text)
    usmart_get_fparam                        0x08011307   Thumb Code   262  usmart_str.o(.text)
    Aux_Int                                  0x08011419   Thumb Code    68  lora_app.o(.text)
    EXTI4_IRQHandler                         0x0801145d   Thumb Code   118  lora_app.o(.text)
    LoRa_Init                                0x080114d3   Thumb Code   240  lora_app.o(.text)
    LoRa_Set                                 0x080115c3   Thumb Code   286  lora_app.o(.text)
    LoRa_SendData                            0x080116e1   Thumb Code   204  lora_app.o(.text)
    LoRa_ReceData                            0x080117ad   Thumb Code   410  lora_app.o(.text)
    LoRa_Process                             0x08011947   Thumb Code    50  lora_app.o(.text)
    Lora_Test                                0x08011979   Thumb Code    26  lora_app.o(.text)
    lora_at_response                         0x080119c9   Thumb Code    46  lora_ui.o(.text)
    lora_check_cmd                           0x080119f7   Thumb Code    44  lora_ui.o(.text)
    lora_send_cmd                            0x08011a23   Thumb Code   104  lora_ui.o(.text)
    chr2hex                                  0x08011a8b   Thumb Code    54  lora_ui.o(.text)
    char2hex_buff                            0x08011ac1   Thumb Code    32  lora_ui.o(.text)
    hexbuff_num                              0x08011ae1   Thumb Code   182  lora_ui.o(.text)
    num_count                                0x08011b97   Thumb Code    26  lora_ui.o(.text)
    lora_load_keyboard                       0x08011bb1   Thumb Code   364  lora_ui.o(.text)
    lora_key_staset                          0x08011d1d   Thumb Code   442  lora_ui.o(.text)
    lora_get_keynum                          0x08011ed7   Thumb Code   230  lora_ui.o(.text)
    Menu_cfg                                 0x08011fbd   Thumb Code    26  lora_ui.o(.text)
    Dire_Set                                 0x08011fd7   Thumb Code    16  lora_ui.o(.text)
    mymemcpy                                 0x08012005   Thumb Code    26  malloc.o(.text)
    mymemset                                 0x0801201f   Thumb Code    20  malloc.o(.text)
    mem_init                                 0x08012033   Thumb Code    38  malloc.o(.text)
    mem_perused                              0x08012059   Thumb Code    42  malloc.o(.text)
    mem_malloc                               0x08012083   Thumb Code   116  malloc.o(.text)
    mem_free                                 0x080120f7   Thumb Code    66  malloc.o(.text)
    myfree                                   0x08012139   Thumb Code    24  malloc.o(.text)
    mymalloc                                 0x08012151   Thumb Code    28  malloc.o(.text)
    myrealloc                                0x0801216d   Thumb Code    50  malloc.o(.text)
    Get_HzMat                                0x080121a5   Thumb Code   220  text.o(.text)
    Show_Font                                0x08012281   Thumb Code   190  text.o(.text)
    Show_Str                                 0x0801233f   Thumb Code   192  text.o(.text)
    Show_Str_Mid                             0x080123ff   Thumb Code   106  text.o(.text)
    __use_no_semihosting                     0x08012479   Thumb Code     2  use_no_semi_2.o(.text)
    vsprintf                                 0x0801247d   Thumb Code    32  vsprintf.o(.text)
    __2printf                                0x080124a1   Thumb Code    20  __2printf.o(.text)
    __2sprintf                               0x080124b9   Thumb Code    38  __2sprintf.o(.text)
    _printf_pre_padding                      0x080124e5   Thumb Code    44  _printf_pad.o(.text)
    _printf_post_padding                     0x08012511   Thumb Code    34  _printf_pad.o(.text)
    _printf_str                              0x08012533   Thumb Code    82  _printf_str.o(.text)
    _printf_int_dec                          0x08012585   Thumb Code   104  _printf_dec.o(.text)
    _printf_longlong_hex                     0x080125fd   Thumb Code    86  _printf_hex_int_ll_ptr.o(.text)
    _printf_int_hex                          0x08012653   Thumb Code    28  _printf_hex_int_ll_ptr.o(.text)
    _printf_ll_hex                           0x0801266f   Thumb Code    12  _printf_hex_int_ll_ptr.o(.text)
    _printf_hex_ptr                          0x0801267b   Thumb Code    18  _printf_hex_int_ll_ptr.o(.text)
    __printf                                 0x08012691   Thumb Code   388  __printf_flags_ss_wp.o(.text)
    strstr                                   0x08012819   Thumb Code    36  strstr.o(.text)
    strcpy                                   0x0801283d   Thumb Code    72  strcpy.o(.text)
    strlen                                   0x08012885   Thumb Code    62  strlen.o(.text)
    __aeabi_memcpy                           0x080128c3   Thumb Code     0  rt_memcpy_v6.o(.text)
    __rt_memcpy                              0x080128c3   Thumb Code   138  rt_memcpy_v6.o(.text)
    _memcpy_lastbytes                        0x08012929   Thumb Code     0  rt_memcpy_v6.o(.text)
    __aeabi_memcpy4                          0x0801294d   Thumb Code     0  rt_memcpy_w.o(.text)
    __aeabi_memcpy8                          0x0801294d   Thumb Code     0  rt_memcpy_w.o(.text)
    __rt_memcpy_w                            0x0801294d   Thumb Code   100  rt_memcpy_w.o(.text)
    _memcpy_lastbytes_aligned                0x08012995   Thumb Code     0  rt_memcpy_w.o(.text)
    __aeabi_memclr                           0x080129b1   Thumb Code     0  rt_memclr.o(.text)
    __rt_memclr                              0x080129b1   Thumb Code    68  rt_memclr.o(.text)
    _memset                                  0x080129b5   Thumb Code     0  rt_memclr.o(.text)
    __aeabi_memclr4                          0x080129f5   Thumb Code     0  rt_memclr_w.o(.text)
    __aeabi_memclr8                          0x080129f5   Thumb Code     0  rt_memclr_w.o(.text)
    __rt_memclr_w                            0x080129f5   Thumb Code    78  rt_memclr_w.o(.text)
    _memset_w                                0x080129f9   Thumb Code     0  rt_memclr_w.o(.text)
    strcmp                                   0x08012a45   Thumb Code   128  strcmpv7m.o(.text)
    __use_two_region_memory                  0x08012ac5   Thumb Code     2  heapauxi.o(.text)
    __rt_heap_escrow$2region                 0x08012ac7   Thumb Code     2  heapauxi.o(.text)
    __rt_heap_expand$2region                 0x08012ac9   Thumb Code     2  heapauxi.o(.text)
    __I$use$semihosting                      0x08012acb   Thumb Code     0  use_no_semi.o(.text)
    __use_no_semihosting_swi                 0x08012acb   Thumb Code     2  use_no_semi.o(.text)
    __read_errno                             0x08012acd   Thumb Code    10  _rserrno.o(.text)
    __set_errno                              0x08012ad7   Thumb Code    12  _rserrno.o(.text)
    _printf_truncate_signed                  0x08012ae3   Thumb Code    18  _printf_truncate.o(.text)
    _printf_truncate_unsigned                0x08012af5   Thumb Code    18  _printf_truncate.o(.text)
    _printf_int_common                       0x08012b07   Thumb Code   178  _printf_intcommon.o(.text)
    _printf_charcount                        0x08012bb9   Thumb Code    40  _printf_charcount.o(.text)
    _printf_char_common                      0x08012beb   Thumb Code    32  _printf_char_common.o(.text)
    _sputc                                   0x08012c11   Thumb Code    10  _sputc.o(.text)
    _printf_cs_common                        0x08012c1b   Thumb Code    20  _printf_char.o(.text)
    _printf_char                             0x08012c2f   Thumb Code    16  _printf_char.o(.text)
    _printf_string                           0x08012c3f   Thumb Code     8  _printf_char.o(.text)
    _printf_char_file                        0x08012c49   Thumb Code    32  _printf_char_file.o(.text)
    _printf_wctomb                           0x08012c6d   Thumb Code   182  _printf_wctomb.o(.text)
    _printf_longlong_dec                     0x08012d29   Thumb Code   108  _printf_longlong_dec.o(.text)
    _printf_longlong_oct                     0x08012da5   Thumb Code    66  _printf_oct_int_ll.o(.text)
    _printf_int_oct                          0x08012de7   Thumb Code    24  _printf_oct_int_ll.o(.text)
    _printf_ll_oct                           0x08012dff   Thumb Code    12  _printf_oct_int_ll.o(.text)
    __aeabi_errno_addr                       0x08012e15   Thumb Code     8  rt_errno_addr_intlibspace.o(.text)
    __errno$intlibspace                      0x08012e15   Thumb Code     0  rt_errno_addr_intlibspace.o(.text)
    __rt_errno_addr$intlibspace              0x08012e15   Thumb Code     0  rt_errno_addr_intlibspace.o(.text)
    _ll_udiv10                               0x08012e1d   Thumb Code   138  lludiv10.o(.text)
    __lib_sel_fp_printf                      0x08012ea7   Thumb Code     2  _printf_fp_dec.o(.text)
    _printf_fp_dec_real                      0x08013059   Thumb Code   620  _printf_fp_dec.o(.text)
    _printf_fp_hex_real                      0x080132c5   Thumb Code   756  _printf_fp_hex.o(.text)
    _printf_lcs_common                       0x080135c1   Thumb Code    20  _printf_wchar.o(.text)
    _printf_wchar                            0x080135d5   Thumb Code    16  _printf_wchar.o(.text)
    _printf_wstring                          0x080135e5   Thumb Code     8  _printf_wchar.o(.text)
    ferror                                   0x080135ed   Thumb Code     8  ferror.o(.text)
    _wcrtomb                                 0x080135f5   Thumb Code    64  _wcrtomb.o(.text)
    __user_libspace                          0x08013635   Thumb Code     8  libspace.o(.text)
    __user_perproc_libspace                  0x08013635   Thumb Code     0  libspace.o(.text)
    __user_perthread_libspace                0x08013635   Thumb Code     0  libspace.o(.text)
    __user_setup_stackheap                   0x0801363d   Thumb Code    74  sys_stackheap_outer.o(.text)
    __rt_ctype_table                         0x08013689   Thumb Code    16  rt_ctype_table.o(.text)
    __rt_locale                              0x08013699   Thumb Code     8  rt_locale_intlibspace.o(.text)
    _printf_fp_infnan                        0x080136a1   Thumb Code   112  _printf_fp_infnan.o(.text)
    _btod_etento                             0x08013721   Thumb Code   224  bigflt0.o(.text)
    exit                                     0x08013805   Thumb Code    18  exit.o(.text)
    _btod_d2e                                0x08013817   Thumb Code    62  btod.o(CL$$btod_d2e)
    _d2e_denorm_low                          0x08013855   Thumb Code    70  btod.o(CL$$btod_d2e_denorm_low)
    _d2e_norm_op1                            0x0801389b   Thumb Code    96  btod.o(CL$$btod_d2e_norm_op1)
    __btod_div_common                        0x080138fb   Thumb Code   696  btod.o(CL$$btod_div_common)
    _e2e                                     0x08013c33   Thumb Code   220  btod.o(CL$$btod_e2e)
    _btod_ediv                               0x08013d0f   Thumb Code    42  btod.o(CL$$btod_ediv)
    _btod_emul                               0x08013d39   Thumb Code    42  btod.o(CL$$btod_emul)
    __btod_mult_common                       0x08013d63   Thumb Code   580  btod.o(CL$$btod_mult_common)
    __ARM_fpclassify                         0x08013fa7   Thumb Code    40  fpclassify.o(i.__ARM_fpclassify)
    _is_digit                                0x08013fcf   Thumb Code    14  __printf_wp.o(i._is_digit)
    sqrt                                     0x08013fdd   Thumb Code    76  sqrt.o(i.sqrt)
    _get_lc_numeric                          0x08014029   Thumb Code    44  lc_numeric_c.o(locale$$code)
    _get_lc_ctype                            0x08014055   Thumb Code    44  lc_ctype_c.o(locale$$code)
    __aeabi_dadd                             0x08014081   Thumb Code     0  daddsub_clz.o(x$fpl$dadd)
    _dadd                                    0x08014081   Thumb Code   332  daddsub_clz.o(x$fpl$dadd)
    __fpl_dcmp_Inf                           0x080141d1   Thumb Code    24  dcmpi.o(x$fpl$dcmpinf)
    __aeabi_d2uiz                            0x080141e9   Thumb Code     0  dfixu.o(x$fpl$dfixu)
    _dfixu                                   0x080141e9   Thumb Code    90  dfixu.o(x$fpl$dfixu)
    __aeabi_i2d                              0x08014243   Thumb Code     0  dflt_clz.o(x$fpl$dflt)
    _dflt                                    0x08014243   Thumb Code    46  dflt_clz.o(x$fpl$dflt)
    __aeabi_ui2d                             0x08014271   Thumb Code     0  dflt_clz.o(x$fpl$dfltu)
    _dfltu                                   0x08014271   Thumb Code    38  dflt_clz.o(x$fpl$dfltu)
    __aeabi_cdcmple                          0x08014299   Thumb Code     0  dleqf.o(x$fpl$dleqf)
    _dcmple                                  0x08014299   Thumb Code   120  dleqf.o(x$fpl$dleqf)
    __fpl_dcmple_InfNaN                      0x080142fb   Thumb Code     0  dleqf.o(x$fpl$dleqf)
    __aeabi_dmul                             0x08014311   Thumb Code     0  dmul.o(x$fpl$dmul)
    _dmul                                    0x08014311   Thumb Code   332  dmul.o(x$fpl$dmul)
    __fpl_dnaninf                            0x08014465   Thumb Code   156  dnaninf.o(x$fpl$dnaninf)
    __fpl_dretinf                            0x08014501   Thumb Code    12  dretinf.o(x$fpl$dretinf)
    __aeabi_cdrcmple                         0x0801450d   Thumb Code     0  drleqf.o(x$fpl$drleqf)
    _drcmple                                 0x0801450d   Thumb Code   108  drleqf.o(x$fpl$drleqf)
    __aeabi_drsub                            0x08014579   Thumb Code     0  daddsub_clz.o(x$fpl$drsb)
    _drsb                                    0x08014579   Thumb Code    22  daddsub_clz.o(x$fpl$drsb)
    _dsqrt                                   0x08014591   Thumb Code   456  dsqrt_noumaal.o(x$fpl$dsqrt)
    __aeabi_dsub                             0x0801475d   Thumb Code     0  daddsub_clz.o(x$fpl$dsub)
    _dsub                                    0x0801475d   Thumb Code   464  daddsub_clz.o(x$fpl$dsub)
    __aeabi_f2d                              0x08014931   Thumb Code     0  f2d.o(x$fpl$f2d)
    _f2d                                     0x08014931   Thumb Code    86  f2d.o(x$fpl$f2d)
    __aeabi_fadd                             0x08014989   Thumb Code     0  faddsub_clz.o(x$fpl$fadd)
    _fadd                                    0x08014989   Thumb Code   196  faddsub_clz.o(x$fpl$fadd)
    __aeabi_fdiv                             0x08014a4d   Thumb Code     0  fdiv.o(x$fpl$fdiv)
    _fdiv                                    0x08014a4d   Thumb Code   384  fdiv.o(x$fpl$fdiv)
    __aeabi_f2iz                             0x08014bd1   Thumb Code     0  ffix.o(x$fpl$ffix)
    _ffix                                    0x08014bd1   Thumb Code    54  ffix.o(x$fpl$ffix)
    __aeabi_f2uiz                            0x08014c09   Thumb Code     0  ffixu.o(x$fpl$ffixu)
    _ffixu                                   0x08014c09   Thumb Code    62  ffixu.o(x$fpl$ffixu)
    __aeabi_i2f                              0x08014c49   Thumb Code     0  fflt_clz.o(x$fpl$fflt)
    _fflt                                    0x08014c49   Thumb Code    48  fflt_clz.o(x$fpl$fflt)
    __aeabi_ui2f                             0x08014c79   Thumb Code     0  fflt_clz.o(x$fpl$ffltu)
    _ffltu                                   0x08014c79   Thumb Code    38  fflt_clz.o(x$fpl$ffltu)
    __aeabi_fmul                             0x08014ca1   Thumb Code     0  fmul.o(x$fpl$fmul)
    _fmul                                    0x08014ca1   Thumb Code   258  fmul.o(x$fpl$fmul)
    __fpl_fnaninf                            0x08014da3   Thumb Code   140  fnaninf.o(x$fpl$fnaninf)
    __fpl_fretinf                            0x08014e2f   Thumb Code    10  fretinf.o(x$fpl$fretinf)
    __aeabi_fsub                             0x08014e39   Thumb Code     0  faddsub_clz.o(x$fpl$fsub)
    _fsub                                    0x08014e39   Thumb Code   234  faddsub_clz.o(x$fpl$fsub)
    _printf_fp_dec                           0x08014f23   Thumb Code     4  printf1.o(x$fpl$printf1)
    _printf_fp_hex                           0x08014f27   Thumb Code     4  printf2.o(x$fpl$printf2)
    __I$use$fp                               0x08014f2a   Number         0  usenofp.o(x$fpl$usenofp)
    asc2_1206                                0x08014f2a   Data        1140  lcd.o(.constdata)
    asc2_1608                                0x0801539e   Data        1520  lcd.o(.constdata)
    asc2_2412                                0x0801598e   Data        3420  lcd.o(.constdata)
    OTT_TPX_TBL                              0x080166ea   Data          10  ott2001a.o(.constdata)
    TP_ADJDIS_TBL                            0x080166f4   Data          12  touch.o(.constdata)
    Region$$Table$$Base                      0x08016b88   Number         0  anon$$obj.o(Region$$Table)
    Region$$Table$$Limit                     0x08016ba8   Number         0  anon$$obj.o(Region$$Table)
    __ctype                                  0x08016bd1   Data           0  lc_ctype_c.o(locale$$data)
    SystemCoreClock                          0x20000000   Data           4  system_stm32f10x.o(.data)
    AHBPrescTable                            0x20000004   Data          16  system_stm32f10x.o(.data)
    POINT_COLOR                              0x20000014   Data           2  lcd.o(.data)
    BACK_COLOR                               0x20000016   Data           2  lcd.o(.data)
    USART2_RX_STA                            0x2000001c   Data           2  usart2.o(.data)
    SPI_FLASH_TYPE                           0x20000024   Data           2  flash.o(.data)
    tp_dev                                   0x20000028   Data          52  touch.o(.data)
    CMD_RDX                                  0x2000005c   Data           1  touch.o(.data)
    CMD_RDY                                  0x2000005d   Data           1  touch.o(.data)
    TP_REMIND_MSG_TBL                        0x20000060   Data           4  touch.o(.data)
    __stdout                                 0x20000068   Data           4  usart.o(.data)
    USART_RX_STA                             0x2000006c   Data           2  usart.o(.data)
    DefaultTuningSettings                    0x20000082   Data         243  vl53l0x_api.o(.data)
    InterruptThresholdSettings               0x20000175   Data         438  vl53l0x_api.o(.data)
    refArrayQuadrants                        0x2000032c   Data          16  vl53l0x_api_calibration.o(.data)
    AjustOK                                  0x2000033c   Data           1  vl53l0x.o(.data)
    Mode_data                                0x2000033d   Data          56  vl53l0x.o(.data)
    Distance_data                            0x20000376   Data           2  vl53l0x_gen.o(.data)
    AlarmModes                               0x20000378   Data          12  vl53l0x_it.o(.data)
    alarm_flag                               0x20000384   Data           1  vl53l0x_it.o(.data)
    sys_cmd_tab                              0x20000388   Data          28  usmart.o(.data)
    usmart_nametab                           0x200003a4   Data          56  usmart_config.o(.data)
    usmart_dev                               0x200003dc   Data         244  usmart_config.o(.data)
    LoRa_CFG                                 0x200004d0   Data          10  lora_app.o(.data)
    EXTI_InitStructure                       0x200004dc   Data           8  lora_app.o(.data)
    NVIC_InitStructure                       0x200004e4   Data           4  lora_app.o(.data)
    Lora_mode                                0x200004e8   Data           1  lora_app.o(.data)
    flag                                     0x200004ea   Data           5  lora_app.o(.data)
    kbd_tbl1                                 0x200004f0   Data          44  lora_ui.o(.data)
    kbd_tbl                                  0x2000051c   Data           4  lora_ui.o(.data)
    kbd_fn_tbl                               0x20000520   Data           8  lora_ui.o(.data)
    cnttbl_mode                              0x2000052c   Data          12  lora_ui.o(.data)
    cnttbl_sta                               0x20000538   Data           8  lora_ui.o(.data)
    cnttbl_power                             0x20000540   Data          16  lora_ui.o(.data)
    cnttbl_rate                              0x20000550   Data          24  lora_ui.o(.data)
    obj_addr                                 0x20000568   Data           4  lora_ui.o(.data)
    obj_chn                                  0x2000056c   Data           1  lora_ui.o(.data)
    set_mode                                 0x20000570   Data           8  lora_ui.o(.data)
    callbuf                                  0x20000578   Data           5  lora_ui.o(.data)
    mallco_dev                               0x20000580   Data          20  malloc.o(.data)
    lcddev                                   0x20000594   Data          14  lcd.o(.bss)
    SPI_InitStructure                        0x200005a2   Data          18  spi.o(.bss)
    USART2_TX_BUF                            0x200005b8   Data         600  usart2.o(.bss)
    USART2_RX_BUF                            0x20000810   Data        1024  usart2.o(.bss)
    USART_InitStructure                      0x20000c10   Data          16  usart2.o(.bss)
    USART_RX_BUF                             0x20000c20   Data         200  usart.o(.bss)
    vl53l0x_dev                              0x20000ce8   Data         352  vl53l0x.o(.bss)
    vl53l0x_dev_info                         0x20000e48   Data          99  vl53l0x.o(.bss)
    Vl53l0x_adjust                           0x20000eab   Data          24  vl53l0x_cali.o(.bss)
    Vl53l0x_data                             0x20000ec3   Data          24  vl53l0x_cali.o(.bss)
    vl53l0x_data                             0x20000edc   Data          28  vl53l0x_gen.o(.bss)
    date                                     0x20000f38   Data          60  lora_app.o(.bss)
    Tran_Data                                0x20000f74   Data          30  lora_app.o(.bss)
    wlcd_buff                                0x20000f92   Data          10  lora_app.o(.bss)
    rlcd_buff                                0x20000f9c   Data          10  lora_app.o(.bss)
    membase                                  0x20000fa8   Data       35840  malloc.o(.bss)
    memmapbase                               0x20009ba8   Data        2240  malloc.o(.bss)
    ftinfo                                   0x2000a468   Data          33  fontupd.o(.bss)
    __libspace_start                         0x2000a48c   Data          96  libspace.o(.bss)
    __temporary_stack_top$libspace           0x2000a4ec   Data           0  libspace.o(.bss)



==============================================================================

Memory Map of the image

  Image Entry point : 0x08000131

  Load Region LR_IROM1 (Base: 0x08000000, Size: 0x00017268, Max: 0x00040000, ABSOLUTE, COMPRESSED[0x0001709c])

    Execution Region ER_IROM1 (Exec base: 0x08000000, Load base: 0x08000000, Size: 0x00016cd4, Max: 0x00040000, ABSOLUTE)

    Exec Addr    Load Addr    Size         Type   Attr      Idx    E Section Name        Object

    0x08000000   0x08000000   0x00000130   Data   RO          574    RESET               startup_stm32f10x_hd.o
    0x08000130   0x08000130   0x00000008   Code   RO         1191  * !!!main             c_w.l(__main.o)
    0x08000138   0x08000138   0x00000034   Code   RO         1541    !!!scatter          c_w.l(__scatter.o)
    0x0800016c   0x0800016c   0x0000005a   Code   RO         1539    !!dczerorl2         c_w.l(__dczerorl2.o)
    0x080001c6   0x080001c6   0x00000002   PAD
    0x080001c8   0x080001c8   0x0000001c   Code   RO         1543    !!handler_zi        c_w.l(__scatter_zi.o)
    0x080001e4   0x080001e4   0x00000000   Code   RO         1172    .ARM.Collect$$_printf_percent$$00000000  c_w.l(_printf_percent.o)
    0x080001e4   0x080001e4   0x00000006   Code   RO         1283    .ARM.Collect$$_printf_percent$$00000001  c_w.l(_printf_n.o)
    0x080001ea   0x080001ea   0x00000006   Code   RO         1284    .ARM.Collect$$_printf_percent$$00000002  c_w.l(_printf_p.o)
    0x080001f0   0x080001f0   0x00000006   Code   RO         1286    .ARM.Collect$$_printf_percent$$00000003  c_w.l(_printf_f.o)
    0x080001f6   0x080001f6   0x00000006   Code   RO         1287    .ARM.Collect$$_printf_percent$$00000004  c_w.l(_printf_e.o)
    0x080001fc   0x080001fc   0x00000006   Code   RO         1288    .ARM.Collect$$_printf_percent$$00000005  c_w.l(_printf_g.o)
    0x08000202   0x08000202   0x00000006   Code   RO         1289    .ARM.Collect$$_printf_percent$$00000006  c_w.l(_printf_a.o)
    0x08000208   0x08000208   0x0000000a   Code   RO         1294    .ARM.Collect$$_printf_percent$$00000007  c_w.l(_printf_ll.o)
    0x08000212   0x08000212   0x00000006   Code   RO         1169    .ARM.Collect$$_printf_percent$$00000008  c_w.l(_printf_i.o)
    0x08000218   0x08000218   0x00000006   Code   RO         1170    .ARM.Collect$$_printf_percent$$00000009  c_w.l(_printf_d.o)
    0x0800021e   0x0800021e   0x00000006   Code   RO         1171    .ARM.Collect$$_printf_percent$$0000000A  c_w.l(_printf_u.o)
    0x08000224   0x08000224   0x00000006   Code   RO         1285    .ARM.Collect$$_printf_percent$$0000000B  c_w.l(_printf_o.o)
    0x0800022a   0x0800022a   0x00000006   Code   RO         1168    .ARM.Collect$$_printf_percent$$0000000C  c_w.l(_printf_x.o)
    0x08000230   0x08000230   0x00000006   Code   RO         1291    .ARM.Collect$$_printf_percent$$0000000D  c_w.l(_printf_lli.o)
    0x08000236   0x08000236   0x00000006   Code   RO         1292    .ARM.Collect$$_printf_percent$$0000000E  c_w.l(_printf_lld.o)
    0x0800023c   0x0800023c   0x00000006   Code   RO         1293    .ARM.Collect$$_printf_percent$$0000000F  c_w.l(_printf_llu.o)
    0x08000242   0x08000242   0x00000006   Code   RO         1298    .ARM.Collect$$_printf_percent$$00000010  c_w.l(_printf_llo.o)
    0x08000248   0x08000248   0x00000006   Code   RO         1299    .ARM.Collect$$_printf_percent$$00000011  c_w.l(_printf_llx.o)
    0x0800024e   0x0800024e   0x0000000a   Code   RO         1295    .ARM.Collect$$_printf_percent$$00000012  c_w.l(_printf_l.o)
    0x08000258   0x08000258   0x00000006   Code   RO         1166    .ARM.Collect$$_printf_percent$$00000013  c_w.l(_printf_c.o)
    0x0800025e   0x0800025e   0x00000006   Code   RO         1167    .ARM.Collect$$_printf_percent$$00000014  c_w.l(_printf_s.o)
    0x08000264   0x08000264   0x00000006   Code   RO         1296    .ARM.Collect$$_printf_percent$$00000015  c_w.l(_printf_lc.o)
    0x0800026a   0x0800026a   0x00000006   Code   RO         1297    .ARM.Collect$$_printf_percent$$00000016  c_w.l(_printf_ls.o)
    0x08000270   0x08000270   0x00000004   Code   RO         1290    .ARM.Collect$$_printf_percent$$00000017  c_w.l(_printf_percent_end.o)
    0x08000274   0x08000274   0x00000002   Code   RO         1409    .ARM.Collect$$libinit$$00000000  c_w.l(libinit.o)
    0x08000276   0x08000276   0x00000000   Code   RO         1420    .ARM.Collect$$libinit$$00000002  c_w.l(libinit2.o)
    0x08000276   0x08000276   0x00000000   Code   RO         1422    .ARM.Collect$$libinit$$00000004  c_w.l(libinit2.o)
    0x08000276   0x08000276   0x00000000   Code   RO         1425    .ARM.Collect$$libinit$$0000000A  c_w.l(libinit2.o)
    0x08000276   0x08000276   0x00000000   Code   RO         1427    .ARM.Collect$$libinit$$0000000C  c_w.l(libinit2.o)
    0x08000276   0x08000276   0x00000000   Code   RO         1429    .ARM.Collect$$libinit$$0000000E  c_w.l(libinit2.o)
    0x08000276   0x08000276   0x00000006   Code   RO         1430    .ARM.Collect$$libinit$$0000000F  c_w.l(libinit2.o)
    0x0800027c   0x0800027c   0x00000000   Code   RO         1432    .ARM.Collect$$libinit$$00000011  c_w.l(libinit2.o)
    0x0800027c   0x0800027c   0x0000000c   Code   RO         1433    .ARM.Collect$$libinit$$00000012  c_w.l(libinit2.o)
    0x08000288   0x08000288   0x00000000   Code   RO         1434    .ARM.Collect$$libinit$$00000013  c_w.l(libinit2.o)
    0x08000288   0x08000288   0x00000000   Code   RO         1436    .ARM.Collect$$libinit$$00000015  c_w.l(libinit2.o)
    0x08000288   0x08000288   0x0000000a   Code   RO         1437    .ARM.Collect$$libinit$$00000016  c_w.l(libinit2.o)
    0x08000292   0x08000292   0x00000000   Code   RO         1438    .ARM.Collect$$libinit$$00000017  c_w.l(libinit2.o)
    0x08000292   0x08000292   0x00000000   Code   RO         1440    .ARM.Collect$$libinit$$00000019  c_w.l(libinit2.o)
    0x08000292   0x08000292   0x00000000   Code   RO         1442    .ARM.Collect$$libinit$$0000001B  c_w.l(libinit2.o)
    0x08000292   0x08000292   0x00000000   Code   RO         1444    .ARM.Collect$$libinit$$0000001D  c_w.l(libinit2.o)
    0x08000292   0x08000292   0x00000000   Code   RO         1446    .ARM.Collect$$libinit$$0000001F  c_w.l(libinit2.o)
    0x08000292   0x08000292   0x00000000   Code   RO         1448    .ARM.Collect$$libinit$$00000021  c_w.l(libinit2.o)
    0x08000292   0x08000292   0x00000000   Code   RO         1450    .ARM.Collect$$libinit$$00000023  c_w.l(libinit2.o)
    0x08000292   0x08000292   0x00000000   Code   RO         1452    .ARM.Collect$$libinit$$00000025  c_w.l(libinit2.o)
    0x08000292   0x08000292   0x00000000   Code   RO         1456    .ARM.Collect$$libinit$$0000002C  c_w.l(libinit2.o)
    0x08000292   0x08000292   0x00000000   Code   RO         1458    .ARM.Collect$$libinit$$0000002E  c_w.l(libinit2.o)
    0x08000292   0x08000292   0x00000000   Code   RO         1460    .ARM.Collect$$libinit$$00000030  c_w.l(libinit2.o)
    0x08000292   0x08000292   0x00000000   Code   RO         1462    .ARM.Collect$$libinit$$00000032  c_w.l(libinit2.o)
    0x08000292   0x08000292   0x00000002   Code   RO         1463    .ARM.Collect$$libinit$$00000033  c_w.l(libinit2.o)
    0x08000294   0x08000294   0x00000002   Code   RO         1481    .ARM.Collect$$libshutdown$$00000000  c_w.l(libshutdown.o)
    0x08000296   0x08000296   0x00000000   Code   RO         1491    .ARM.Collect$$libshutdown$$00000002  c_w.l(libshutdown2.o)
    0x08000296   0x08000296   0x00000000   Code   RO         1493    .ARM.Collect$$libshutdown$$00000004  c_w.l(libshutdown2.o)
    0x08000296   0x08000296   0x00000000   Code   RO         1496    .ARM.Collect$$libshutdown$$00000007  c_w.l(libshutdown2.o)
    0x08000296   0x08000296   0x00000000   Code   RO         1499    .ARM.Collect$$libshutdown$$0000000A  c_w.l(libshutdown2.o)
    0x08000296   0x08000296   0x00000000   Code   RO         1501    .ARM.Collect$$libshutdown$$0000000C  c_w.l(libshutdown2.o)
    0x08000296   0x08000296   0x00000000   Code   RO         1504    .ARM.Collect$$libshutdown$$0000000F  c_w.l(libshutdown2.o)
    0x08000296   0x08000296   0x00000002   Code   RO         1505    .ARM.Collect$$libshutdown$$00000010  c_w.l(libshutdown2.o)
    0x08000298   0x08000298   0x00000000   Code   RO         1255    .ARM.Collect$$rtentry$$00000000  c_w.l(__rtentry.o)
    0x08000298   0x08000298   0x00000000   Code   RO         1324    .ARM.Collect$$rtentry$$00000002  c_w.l(__rtentry2.o)
    0x08000298   0x08000298   0x00000006   Code   RO         1336    .ARM.Collect$$rtentry$$00000004  c_w.l(__rtentry4.o)
    0x0800029e   0x0800029e   0x00000000   Code   RO         1326    .ARM.Collect$$rtentry$$00000009  c_w.l(__rtentry2.o)
    0x0800029e   0x0800029e   0x00000004   Code   RO         1327    .ARM.Collect$$rtentry$$0000000A  c_w.l(__rtentry2.o)
    0x080002a2   0x080002a2   0x00000000   Code   RO         1329    .ARM.Collect$$rtentry$$0000000C  c_w.l(__rtentry2.o)
    0x080002a2   0x080002a2   0x00000008   Code   RO         1330    .ARM.Collect$$rtentry$$0000000D  c_w.l(__rtentry2.o)
    0x080002aa   0x080002aa   0x00000002   Code   RO         1414    .ARM.Collect$$rtexit$$00000000  c_w.l(rtexit.o)
    0x080002ac   0x080002ac   0x00000000   Code   RO         1465    .ARM.Collect$$rtexit$$00000002  c_w.l(rtexit2.o)
    0x080002ac   0x080002ac   0x00000004   Code   RO         1466    .ARM.Collect$$rtexit$$00000003  c_w.l(rtexit2.o)
    0x080002b0   0x080002b0   0x00000006   Code   RO         1467    .ARM.Collect$$rtexit$$00000004  c_w.l(rtexit2.o)
    0x080002b6   0x080002b6   0x00000002   PAD
    0x080002b8   0x080002b8   0x000000f8   Code   RO            1    .text               main.o
    0x080003b0   0x080003b0   0x0000001a   Code   RO          224    .text               stm32f10x_it.o
    0x080003ca   0x080003ca   0x00000002   PAD
    0x080003cc   0x080003cc   0x000001e0   Code   RO          265    .text               system_stm32f10x.o
    0x080005ac   0x080005ac   0x00000050   Code   RO          283    .text               led.o
    0x080005fc   0x080005fc   0x00005846   Code   RO          295    .text               lcd.o
    0x08005e42   0x08005e42   0x00000002   PAD
    0x08005e44   0x08005e44   0x000000fc   Code   RO          325    .text               key.o
    0x08005f40   0x08005f40   0x00000258   Code   RO          338    .text               myiic.o
    0x08006198   0x08006198   0x0000017a   Code   RO          350    .text               24cxx.o
    0x08006312   0x08006312   0x00000002   PAD
    0x08006314   0x08006314   0x000000e8   Code   RO          362    .text               spi.o
    0x080063fc   0x080063fc   0x000003ac   Code   RO          380    .text               usart2.o
    0x080067a8   0x080067a8   0x000003c0   Code   RO          406    .text               flash.o
    0x08006b68   0x08006b68   0x0000024c   Code   RO          446    .text               ctiic.o
    0x08006db4   0x08006db4   0x00000370   Code   RO          461    .text               ott2001a.o
    0x08007124   0x08007124   0x00000c04   Code   RO          484    .text               touch.o
    0x08007d28   0x08007d28   0x000000d4   Code   RO          508    .text               delay.o
    0x08007dfc   0x08007dfc   0x00000140   Code   RO          539    .text               usart.o
    0x08007f3c   0x08007f3c   0x00000040   Code   RO          575    .text               startup_stm32f10x_hd.o
    0x08007f7c   0x08007f7c   0x0000035c   Code   RO          579    .text               stm32f10x_gpio.o
    0x080082d8   0x080082d8   0x000003a4   Code   RO          591    .text               stm32f10x_rcc.o
    0x0800867c   0x0800867c   0x00000408   Code   RO          605    .text               stm32f10x_usart.o
    0x08008a84   0x08008a84   0x000000dc   Code   RO          617    .text               misc.o
    0x08008b60   0x08008b60   0x0000011c   Code   RO          629    .text               stm32f10x_exti.o
    0x08008c7c   0x08008c7c   0x00000e1a   Code   RO          641    .text               stm32f10x_tim.o
    0x08009a96   0x08009a96   0x00000002   PAD
    0x08009a98   0x08009a98   0x00000254   Code   RO          653    .text               stm32f10x_dma.o
    0x08009cec   0x08009cec   0x0000030c   Code   RO          665    .text               stm32f10x_spi.o
    0x08009ff8   0x08009ff8   0x000019ba   Code   RO          677    .text               vl53l0x_api.o
    0x0800b9b2   0x0800b9b2   0x00000002   PAD
    0x0800b9b4   0x0800b9b4   0x00000bfe   Code   RO          717    .text               vl53l0x_api_calibration.o
    0x0800c5b2   0x0800c5b2   0x00000002   PAD
    0x0800c5b4   0x0800c5b4   0x000016ec   Code   RO          732    .text               vl53l0x_api_core.o
    0x0800dca0   0x0800dca0   0x00000944   Code   RO          750    .text               vl53l0x_api_strings.o
    0x0800e5e4   0x0800e5e4   0x00000522   Code   RO          762    .text               vl53l0x_i2c.o
    0x0800eb06   0x0800eb06   0x000001e6   Code   RO          774    .text               vl53l0x_platform.o
    0x0800ecec   0x0800ecec   0x000004bc   Code   RO          786    .text               vl53l0x.o
    0x0800f1a8   0x0800f1a8   0x00000680   Code   RO          805    .text               vl53l0x_cali.o
    0x0800f828   0x0800f828   0x000004f0   Code   RO          824    .text               vl53l0x_gen.o
    0x0800fd18   0x0800fd18   0x00000598   Code   RO          844    .text               vl53l0x_it.o
    0x080102b0   0x080102b0   0x00000c40   Code   RO          861    .text               usmart.o
    0x08010ef0   0x08010ef0   0x00000528   Code   RO          890    .text               usmart_str.o
    0x08011418   0x08011418   0x000005b0   Code   RO          902    .text               lora_app.o
    0x080119c8   0x080119c8   0x0000063c   Code   RO          935    .text               lora_ui.o
    0x08012004   0x08012004   0x000001a0   Code   RO          955    .text               malloc.o
    0x080121a4   0x080121a4   0x000002d4   Code   RO         1088    .text               text.o
    0x08012478   0x08012478   0x00000002   Code   RO         1105    .text               c_w.l(use_no_semi_2.o)
    0x0801247a   0x0801247a   0x00000002   PAD
    0x0801247c   0x0801247c   0x00000024   Code   RO         1107    .text               c_w.l(vsprintf.o)
    0x080124a0   0x080124a0   0x00000018   Code   RO         1109    .text               c_w.l(__2printf.o)
    0x080124b8   0x080124b8   0x0000002c   Code   RO         1111    .text               c_w.l(__2sprintf.o)
    0x080124e4   0x080124e4   0x0000004e   Code   RO         1119    .text               c_w.l(_printf_pad.o)
    0x08012532   0x08012532   0x00000052   Code   RO         1121    .text               c_w.l(_printf_str.o)
    0x08012584   0x08012584   0x00000078   Code   RO         1123    .text               c_w.l(_printf_dec.o)
    0x080125fc   0x080125fc   0x00000094   Code   RO         1143    .text               c_w.l(_printf_hex_int_ll_ptr.o)
    0x08012690   0x08012690   0x00000188   Code   RO         1163    .text               c_w.l(__printf_flags_ss_wp.o)
    0x08012818   0x08012818   0x00000024   Code   RO         1173    .text               c_w.l(strstr.o)
    0x0801283c   0x0801283c   0x00000048   Code   RO         1175    .text               c_w.l(strcpy.o)
    0x08012884   0x08012884   0x0000003e   Code   RO         1177    .text               c_w.l(strlen.o)
    0x080128c2   0x080128c2   0x0000008a   Code   RO         1179    .text               c_w.l(rt_memcpy_v6.o)
    0x0801294c   0x0801294c   0x00000064   Code   RO         1181    .text               c_w.l(rt_memcpy_w.o)
    0x080129b0   0x080129b0   0x00000044   Code   RO         1183    .text               c_w.l(rt_memclr.o)
    0x080129f4   0x080129f4   0x0000004e   Code   RO         1185    .text               c_w.l(rt_memclr_w.o)
    0x08012a42   0x08012a42   0x00000002   PAD
    0x08012a44   0x08012a44   0x00000080   Code   RO         1187    .text               c_w.l(strcmpv7m.o)
    0x08012ac4   0x08012ac4   0x00000006   Code   RO         1189    .text               c_w.l(heapauxi.o)
    0x08012aca   0x08012aca   0x00000002   Code   RO         1253    .text               c_w.l(use_no_semi.o)
    0x08012acc   0x08012acc   0x00000016   Code   RO         1256    .text               c_w.l(_rserrno.o)
    0x08012ae2   0x08012ae2   0x00000024   Code   RO         1258    .text               c_w.l(_printf_truncate.o)
    0x08012b06   0x08012b06   0x000000b2   Code   RO         1260    .text               c_w.l(_printf_intcommon.o)
    0x08012bb8   0x08012bb8   0x00000028   Code   RO         1262    .text               c_w.l(_printf_charcount.o)
    0x08012be0   0x08012be0   0x00000030   Code   RO         1264    .text               c_w.l(_printf_char_common.o)
    0x08012c10   0x08012c10   0x0000000a   Code   RO         1266    .text               c_w.l(_sputc.o)
    0x08012c1a   0x08012c1a   0x0000002c   Code   RO         1268    .text               c_w.l(_printf_char.o)
    0x08012c46   0x08012c46   0x00000002   PAD
    0x08012c48   0x08012c48   0x00000024   Code   RO         1270    .text               c_w.l(_printf_char_file.o)
    0x08012c6c   0x08012c6c   0x000000bc   Code   RO         1272    .text               c_w.l(_printf_wctomb.o)
    0x08012d28   0x08012d28   0x0000007c   Code   RO         1275    .text               c_w.l(_printf_longlong_dec.o)
    0x08012da4   0x08012da4   0x00000070   Code   RO         1281    .text               c_w.l(_printf_oct_int_ll.o)
    0x08012e14   0x08012e14   0x00000008   Code   RO         1341    .text               c_w.l(rt_errno_addr_intlibspace.o)
    0x08012e1c   0x08012e1c   0x0000008a   Code   RO         1343    .text               c_w.l(lludiv10.o)
    0x08012ea6   0x08012ea6   0x0000041e   Code   RO         1345    .text               c_w.l(_printf_fp_dec.o)
    0x080132c4   0x080132c4   0x000002fc   Code   RO         1347    .text               c_w.l(_printf_fp_hex.o)
    0x080135c0   0x080135c0   0x0000002c   Code   RO         1352    .text               c_w.l(_printf_wchar.o)
    0x080135ec   0x080135ec   0x00000008   Code   RO         1354    .text               c_w.l(ferror.o)
    0x080135f4   0x080135f4   0x00000040   Code   RO         1358    .text               c_w.l(_wcrtomb.o)
    0x08013634   0x08013634   0x00000008   Code   RO         1360    .text               c_w.l(libspace.o)
    0x0801363c   0x0801363c   0x0000004a   Code   RO         1363    .text               c_w.l(sys_stackheap_outer.o)
    0x08013686   0x08013686   0x00000002   PAD
    0x08013688   0x08013688   0x00000010   Code   RO         1365    .text               c_w.l(rt_ctype_table.o)
    0x08013698   0x08013698   0x00000008   Code   RO         1370    .text               c_w.l(rt_locale_intlibspace.o)
    0x080136a0   0x080136a0   0x00000080   Code   RO         1372    .text               c_w.l(_printf_fp_infnan.o)
    0x08013720   0x08013720   0x000000e4   Code   RO         1374    .text               c_w.l(bigflt0.o)
    0x08013804   0x08013804   0x00000012   Code   RO         1402    .text               c_w.l(exit.o)
    0x08013816   0x08013816   0x0000003e   Code   RO         1377    CL$$btod_d2e        c_w.l(btod.o)
    0x08013854   0x08013854   0x00000046   Code   RO         1379    CL$$btod_d2e_denorm_low  c_w.l(btod.o)
    0x0801389a   0x0801389a   0x00000060   Code   RO         1378    CL$$btod_d2e_norm_op1  c_w.l(btod.o)
    0x080138fa   0x080138fa   0x00000338   Code   RO         1387    CL$$btod_div_common  c_w.l(btod.o)
    0x08013c32   0x08013c32   0x000000dc   Code   RO         1384    CL$$btod_e2e        c_w.l(btod.o)
    0x08013d0e   0x08013d0e   0x0000002a   Code   RO         1381    CL$$btod_ediv       c_w.l(btod.o)
    0x08013d38   0x08013d38   0x0000002a   Code   RO         1380    CL$$btod_emul       c_w.l(btod.o)
    0x08013d62   0x08013d62   0x00000244   Code   RO         1386    CL$$btod_mult_common  c_w.l(btod.o)
    0x08013fa6   0x08013fa6   0x00000028   Code   RO         1412    i.__ARM_fpclassify  m_ws.l(fpclassify.o)
    0x08013fce   0x08013fce   0x0000000e   Code   RO         1156    i._is_digit         c_w.l(__printf_wp.o)
    0x08013fdc   0x08013fdc   0x0000004c   Code   RO         1246    i.sqrt              m_ws.l(sqrt.o)
    0x08014028   0x08014028   0x0000002c   Code   RO         1400    locale$$code        c_w.l(lc_numeric_c.o)
    0x08014054   0x08014054   0x0000002c   Code   RO         1417    locale$$code        c_w.l(lc_ctype_c.o)
    0x08014080   0x08014080   0x00000150   Code   RO         1193    x$fpl$dadd          fz_ws.l(daddsub_clz.o)
    0x080141d0   0x080141d0   0x00000018   Code   RO         1300    x$fpl$dcmpinf       fz_ws.l(dcmpi.o)
    0x080141e8   0x080141e8   0x0000005a   Code   RO         1199    x$fpl$dfixu         fz_ws.l(dfixu.o)
    0x08014242   0x08014242   0x0000002e   Code   RO         1204    x$fpl$dflt          fz_ws.l(dflt_clz.o)
    0x08014270   0x08014270   0x00000026   Code   RO         1203    x$fpl$dfltu         fz_ws.l(dflt_clz.o)
    0x08014296   0x08014296   0x00000002   PAD
    0x08014298   0x08014298   0x00000078   Code   RO         1209    x$fpl$dleqf         fz_ws.l(dleqf.o)
    0x08014310   0x08014310   0x00000154   Code   RO         1211    x$fpl$dmul          fz_ws.l(dmul.o)
    0x08014464   0x08014464   0x0000009c   Code   RO         1302    x$fpl$dnaninf       fz_ws.l(dnaninf.o)
    0x08014500   0x08014500   0x0000000c   Code   RO         1304    x$fpl$dretinf       fz_ws.l(dretinf.o)
    0x0801450c   0x0801450c   0x0000006c   Code   RO         1213    x$fpl$drleqf        fz_ws.l(drleqf.o)
    0x08014578   0x08014578   0x00000016   Code   RO         1194    x$fpl$drsb          fz_ws.l(daddsub_clz.o)
    0x0801458e   0x0801458e   0x00000002   PAD
    0x08014590   0x08014590   0x000001cc   Code   RO         1306    x$fpl$dsqrt         fz_ws.l(dsqrt_noumaal.o)
    0x0801475c   0x0801475c   0x000001d4   Code   RO         1195    x$fpl$dsub          fz_ws.l(daddsub_clz.o)
    0x08014930   0x08014930   0x00000056   Code   RO         1215    x$fpl$f2d           fz_ws.l(f2d.o)
    0x08014986   0x08014986   0x00000002   PAD
    0x08014988   0x08014988   0x000000c4   Code   RO         1217    x$fpl$fadd          fz_ws.l(faddsub_clz.o)
    0x08014a4c   0x08014a4c   0x00000184   Code   RO         1224    x$fpl$fdiv          fz_ws.l(fdiv.o)
    0x08014bd0   0x08014bd0   0x00000036   Code   RO         1229    x$fpl$ffix          fz_ws.l(ffix.o)
    0x08014c06   0x08014c06   0x00000002   PAD
    0x08014c08   0x08014c08   0x0000003e   Code   RO         1233    x$fpl$ffixu         fz_ws.l(ffixu.o)
    0x08014c46   0x08014c46   0x00000002   PAD
    0x08014c48   0x08014c48   0x00000030   Code   RO         1238    x$fpl$fflt          fz_ws.l(fflt_clz.o)
    0x08014c78   0x08014c78   0x00000026   Code   RO         1237    x$fpl$ffltu         fz_ws.l(fflt_clz.o)
    0x08014c9e   0x08014c9e   0x00000002   PAD
    0x08014ca0   0x08014ca0   0x00000102   Code   RO         1243    x$fpl$fmul          fz_ws.l(fmul.o)
    0x08014da2   0x08014da2   0x0000008c   Code   RO         1310    x$fpl$fnaninf       fz_ws.l(fnaninf.o)
    0x08014e2e   0x08014e2e   0x0000000a   Code   RO         1312    x$fpl$fretinf       fz_ws.l(fretinf.o)
    0x08014e38   0x08014e38   0x000000ea   Code   RO         1219    x$fpl$fsub          fz_ws.l(faddsub_clz.o)
    0x08014f22   0x08014f22   0x00000004   Code   RO         1314    x$fpl$printf1       fz_ws.l(printf1.o)
    0x08014f26   0x08014f26   0x00000004   Code   RO         1316    x$fpl$printf2       fz_ws.l(printf2.o)
    0x08014f2a   0x08014f2a   0x00000000   Code   RO         1322    x$fpl$usenofp       fz_ws.l(usenofp.o)
    0x08014f2a   0x08014f2a   0x000017c0   Data   RO          297    .constdata          lcd.o
    0x080166ea   0x080166ea   0x0000000a   Data   RO          462    .constdata          ott2001a.o
    0x080166f4   0x080166f4   0x0000000c   Data   RO          485    .constdata          touch.o
    0x08016700   0x08016700   0x00000028   Data   RO         1144    .constdata          c_w.l(_printf_hex_int_ll_ptr.o)
    0x08016728   0x08016728   0x00000011   Data   RO         1164    .constdata          c_w.l(__printf_flags_ss_wp.o)
    0x08016739   0x08016739   0x00000003   PAD
    0x0801673c   0x0801673c   0x00000008   Data   RO         1273    .constdata          c_w.l(_printf_wctomb.o)
    0x08016744   0x08016744   0x00000026   Data   RO         1348    .constdata          c_w.l(_printf_fp_hex.o)
    0x0801676a   0x0801676a   0x00000002   PAD
    0x0801676c   0x0801676c   0x00000094   Data   RO         1375    .constdata          c_w.l(bigflt0.o)
    0x08016800   0x08016800   0x00000079   Data   RO          486    .conststring        touch.o
    0x08016879   0x08016879   0x00000003   PAD
    0x0801687c   0x0801687c   0x00000055   Data   RO          807    .conststring        vl53l0x_cali.o
    0x080168d1   0x080168d1   0x00000003   PAD
    0x080168d4   0x080168d4   0x00000056   Data   RO          826    .conststring        vl53l0x_gen.o
    0x0801692a   0x0801692a   0x00000002   PAD
    0x0801692c   0x0801692c   0x00000058   Data   RO          846    .conststring        vl53l0x_it.o
    0x08016984   0x08016984   0x00000028   Data   RO          862    .conststring        usmart.o
    0x080169ac   0x080169ac   0x000000f0   Data   RO          877    .conststring        usmart_config.o
    0x08016a9c   0x08016a9c   0x000000e9   Data   RO          936    .conststring        lora_ui.o
    0x08016b85   0x08016b85   0x00000003   PAD
    0x08016b88   0x08016b88   0x00000020   Data   RO         1537    Region$$Table       anon$$obj.o
    0x08016ba8   0x08016ba8   0x0000001c   Data   RO         1399    locale$$data        c_w.l(lc_numeric_c.o)
    0x08016bc4   0x08016bc4   0x00000110   Data   RO         1416    locale$$data        c_w.l(lc_ctype_c.o)


    Execution Region RW_IRAM1 (Exec base: 0x20000000, Load base: 0x08016cd4, Size: 0x0000aaf0, Max: 0x0000c000, ABSOLUTE, COMPRESSED[0x000003c8])

    Exec Addr    Load Addr    Size         Type   Attr      Idx    E Section Name        Object

    0x20000000   COMPRESSED   0x00000014   Data   RW          266    .data               system_stm32f10x.o
    0x20000014   COMPRESSED   0x00000004   Data   RW          298    .data               lcd.o
    0x20000018   COMPRESSED   0x00000001   Data   RW          326    .data               key.o
    0x20000019   COMPRESSED   0x00000003   PAD
    0x2000001c   COMPRESSED   0x00000008   Data   RW          382    .data               usart2.o
    0x20000024   COMPRESSED   0x00000002   Data   RW          407    .data               flash.o
    0x20000026   COMPRESSED   0x00000001   Data   RW          463    .data               ott2001a.o
    0x20000027   COMPRESSED   0x00000001   PAD
    0x20000028   COMPRESSED   0x0000003c   Data   RW          487    .data               touch.o
    0x20000064   COMPRESSED   0x00000004   Data   RW          509    .data               delay.o
    0x20000068   COMPRESSED   0x00000006   Data   RW          541    .data               usart.o
    0x2000006e   COMPRESSED   0x00000014   Data   RW          592    .data               stm32f10x_rcc.o
    0x20000082   COMPRESSED   0x000002a9   Data   RW          678    .data               vl53l0x_api.o
    0x2000032b   COMPRESSED   0x00000001   PAD
    0x2000032c   COMPRESSED   0x00000010   Data   RW          718    .data               vl53l0x_api_calibration.o
    0x2000033c   COMPRESSED   0x00000039   Data   RW          788    .data               vl53l0x.o
    0x20000375   COMPRESSED   0x00000001   PAD
    0x20000376   COMPRESSED   0x00000002   Data   RW          827    .data               vl53l0x_gen.o
    0x20000378   COMPRESSED   0x0000000d   Data   RW          847    .data               vl53l0x_it.o
    0x20000385   COMPRESSED   0x00000003   PAD
    0x20000388   COMPRESSED   0x0000001c   Data   RW          863    .data               usmart.o
    0x200003a4   COMPRESSED   0x0000012c   Data   RW          878    .data               usmart_config.o
    0x200004d0   COMPRESSED   0x00000020   Data   RW          904    .data               lora_app.o
    0x200004f0   COMPRESSED   0x0000008d   Data   RW          937    .data               lora_ui.o
    0x2000057d   COMPRESSED   0x00000003   PAD
    0x20000580   COMPRESSED   0x00000014   Data   RW          958    .data               malloc.o
    0x20000594        -       0x0000000e   Zero   RW          296    .bss                lcd.o
    0x200005a2        -       0x00000012   Zero   RW          363    .bss                spi.o
    0x200005b4   COMPRESSED   0x00000004   PAD
    0x200005b8        -       0x00000668   Zero   RW          381    .bss                usart2.o
    0x20000c20        -       0x000000c8   Zero   RW          540    .bss                usart.o
    0x20000ce8        -       0x000001c3   Zero   RW          787    .bss                vl53l0x.o
    0x20000eab        -       0x00000030   Zero   RW          806    .bss                vl53l0x_cali.o
    0x20000edb   COMPRESSED   0x00000001   PAD
    0x20000edc        -       0x0000003c   Zero   RW          825    .bss                vl53l0x_gen.o
    0x20000f18        -       0x00000020   Zero   RW          845    .bss                vl53l0x_it.o
    0x20000f38        -       0x0000006e   Zero   RW          903    .bss                lora_app.o
    0x20000fa6   COMPRESSED   0x00000002   PAD
    0x20000fa8        -       0x000094c0   Zero   RW          956    .bss                malloc.o
    0x2000a468        -       0x00000021   Zero   RW         1068    .bss                fontupd.o
    0x2000a489   COMPRESSED   0x00000003   PAD
    0x2000a48c        -       0x00000060   Zero   RW         1361    .bss                c_w.l(libspace.o)
    0x2000a4ec   COMPRESSED   0x00000004   PAD
    0x2000a4f0        -       0x00000200   Zero   RW          573    HEAP                startup_stm32f10x_hd.o
    0x2000a6f0        -       0x00000400   Zero   RW          572    STACK               startup_stm32f10x_hd.o


==============================================================================

Image component sizes


      Code (inc. data)   RO Data    RW Data    ZI Data      Debug   Object Name

       378          0          0          0          0       2918   24cxx.o
       588         14          0          0          0       2081   ctiic.o
       212         18          0          4          0       1159   delay.o
         0          0          0          0          0       2612   exfuns.o
       960         16          0          2          0       5004   flash.o
         0          0          0          0         33       1517   fontupd.o
       252         16          0          1          0        896   key.o
     22598        208       6080          4         14      25307   lcd.o
        80          8          0          0          0        555   led.o
      1456        342          0         32        110       3895   lora_app.o
      1596         72        233        141          0       5437   lora_ui.o
       248        104          0          0          0     290495   main.o
       416          6          0         20      38080       4225   malloc.o
       220         22          0          0          0       1917   misc.o
       600         12          0          0          0       1936   myiic.o
       880         60         10          1          0       2830   ott2001a.o
       232         12          0          0         18       1425   spi.o
        64         26        304          0       1536        836   startup_stm32f10x_hd.o
       596          8          0          0          0       4482   stm32f10x_dma.o
       284         10          0          0          0       2375   stm32f10x_exti.o
       860         38          0          0          0       5849   stm32f10x_gpio.o
        26          0          0          0          0       1238   stm32f10x_it.o
       932         36          0         20          0       9088   stm32f10x_rcc.o
       780         14          0          0          0       6734   stm32f10x_spi.o
      3610         88          0          0          0      22960   stm32f10x_tim.o
      1032         22          0          0          0       8576   stm32f10x_usart.o
         0          0          0          0          0         32   sys.o
       480         38          0         20          0       1911   system_stm32f10x.o
       724         16          0          0          0       3200   text.o
      3076        180        133         60          0       6803   touch.o
       320         16          0          6        200       3318   usart.o
       940         48          0          8       1640       4722   usart2.o
      3136       1288         40         28          0       4502   usmart.o
         0          0        240        300          0       1884   usmart_config.o
      1320         12          0          0          0       5345   usmart_str.o
      1212        426          0         57        451       4723   vl53l0x.o
      6586         70          0        681          0      39745   vl53l0x_api.o
      3070         12          0         16          0      15060   vl53l0x_api_calibration.o
      5868         16          0          0          0      20904   vl53l0x_api_core.o
      2372       1266          0          0          0       4713   vl53l0x_api_strings.o
      1664       1030         85          0         48       2724   vl53l0x_cali.o
      1264        224         86          2         60       3404   vl53l0x_gen.o
      1314         12          0          0          0       7051   vl53l0x_i2c.o
      1432        248         88         13         32       3171   vl53l0x_it.o
       486          0          0          0          0       4791   vl53l0x_platform.o

    ----------------------------------------------------------------------
     74176       6054       7342       1428      42232     554350   Object Totals
         0          0         32          0          0          0   (incl. Generated)
        12          0         11         12         10          0   (incl. Padding)

    ----------------------------------------------------------------------

      Code (inc. data)   RO Data    RW Data    ZI Data      Debug   Library Member Name

        24          4          0          0          0         84   __2printf.o
        44          6          0          0          0         84   __2sprintf.o
        90          0          0          0          0          0   __dczerorl2.o
         8          0          0          0          0         68   __main.o
       392          4         17          0          0         92   __printf_flags_ss_wp.o
        14          0          0          0          0         68   __printf_wp.o
         0          0          0          0          0          0   __rtentry.o
        12          0          0          0          0          0   __rtentry2.o
         6          0          0          0          0          0   __rtentry4.o
        52          8          0          0          0          0   __scatter.o
        28          0          0          0          0          0   __scatter_zi.o
         6          0          0          0          0          0   _printf_a.o
         6          0          0          0          0          0   _printf_c.o
        44          0          0          0          0        108   _printf_char.o
        48          6          0          0          0         96   _printf_char_common.o
        36          4          0          0          0         80   _printf_char_file.o
        40          0          0          0          0         68   _printf_charcount.o
         6          0          0          0          0          0   _printf_d.o
       120         16          0          0          0         92   _printf_dec.o
         6          0          0          0          0          0   _printf_e.o
         6          0          0          0          0          0   _printf_f.o
      1054          0          0          0          0        216   _printf_fp_dec.o
       764          8         38          0          0        100   _printf_fp_hex.o
       128         16          0          0          0         84   _printf_fp_infnan.o
         6          0          0          0          0          0   _printf_g.o
       148          4         40          0          0        160   _printf_hex_int_ll_ptr.o
         6          0          0          0          0          0   _printf_i.o
       178          0          0          0          0         88   _printf_intcommon.o
        10          0          0          0          0          0   _printf_l.o
         6          0          0          0          0          0   _printf_lc.o
        10          0          0          0          0          0   _printf_ll.o
         6          0          0          0          0          0   _printf_lld.o
         6          0          0          0          0          0   _printf_lli.o
         6          0          0          0          0          0   _printf_llo.o
         6          0          0          0          0          0   _printf_llu.o
         6          0          0          0          0          0   _printf_llx.o
       124         16          0          0          0         92   _printf_longlong_dec.o
         6          0          0          0          0          0   _printf_ls.o
         6          0          0          0          0          0   _printf_n.o
         6          0          0          0          0          0   _printf_o.o
       112         10          0          0          0        124   _printf_oct_int_ll.o
         6          0          0          0          0          0   _printf_p.o
        78          0          0          0          0        108   _printf_pad.o
         0          0          0          0          0          0   _printf_percent.o
         4          0          0          0          0          0   _printf_percent_end.o
         6          0          0          0          0          0   _printf_s.o
        82          0          0          0          0         80   _printf_str.o
        36          0          0          0          0         84   _printf_truncate.o
         6          0          0          0          0          0   _printf_u.o
        44          0          0          0          0        108   _printf_wchar.o
       188          6          8          0          0         92   _printf_wctomb.o
         6          0          0          0          0          0   _printf_x.o
        22          0          0          0          0        100   _rserrno.o
        10          0          0          0          0         68   _sputc.o
        64          0          0          0          0         92   _wcrtomb.o
       228          4        148          0          0         96   bigflt0.o
      1936        128          0          0          0        672   btod.o
        18          0          0          0          0         80   exit.o
         8          0          0          0          0         68   ferror.o
         6          0          0          0          0        152   heapauxi.o
        44         10        272          0          0         76   lc_ctype_c.o
        44         10         28          0          0         76   lc_numeric_c.o
         2          0          0          0          0          0   libinit.o
        30          0          0          0          0          0   libinit2.o
         2          0          0          0          0          0   libshutdown.o
         2          0          0          0          0          0   libshutdown2.o
         8          4          0          0         96         68   libspace.o
       138          0          0          0          0         80   lludiv10.o
        16          4          0          0          0         76   rt_ctype_table.o
         8          4          0          0          0         68   rt_errno_addr_intlibspace.o
         8          4          0          0          0         68   rt_locale_intlibspace.o
        68          0          0          0          0         68   rt_memclr.o
        78          0          0          0          0         80   rt_memclr_w.o
       138          0          0          0          0         68   rt_memcpy_v6.o
       100          0          0          0          0         80   rt_memcpy_w.o
         2          0          0          0          0          0   rtexit.o
        10          0          0          0          0          0   rtexit2.o
       128          0          0          0          0         68   strcmpv7m.o
        72          0          0          0          0         80   strcpy.o
        62          0          0          0          0         76   strlen.o
        36          0          0          0          0         80   strstr.o
        74          0          0          0          0         80   sys_stackheap_outer.o
         2          0          0          0          0         68   use_no_semi.o
         2          0          0          0          0         68   use_no_semi_2.o
        36          4          0          0          0         76   vsprintf.o
       826         16          0          0          0        348   daddsub_clz.o
        24          0          0          0          0         68   dcmpi.o
        90          4          0          0          0         92   dfixu.o
        84          0          0          0          0        136   dflt_clz.o
       120          4          0          0          0         92   dleqf.o
       340         12          0          0          0        104   dmul.o
       156          4          0          0          0         92   dnaninf.o
        12          0          0          0          0         68   dretinf.o
       108          0          0          0          0         80   drleqf.o
       460         56          0          0          0        120   dsqrt_noumaal.o
        86          4          0          0          0         84   f2d.o
       430          8          0          0          0        168   faddsub_clz.o
       388         76          0          0          0         96   fdiv.o
        54          4          0          0          0         84   ffix.o
        62          4          0          0          0         84   ffixu.o
        86          0          0          0          0        136   fflt_clz.o
       258          4          0          0          0         84   fmul.o
       140          4          0          0          0         84   fnaninf.o
        10          0          0          0          0         68   fretinf.o
         4          0          0          0          0         68   printf1.o
         4          0          0          0          0         68   printf2.o
         0          0          0          0          0          0   usenofp.o
        40          0          0          0          0         68   fpclassify.o
        76          0          0          0          0         84   sqrt.o

    ----------------------------------------------------------------------
     11322        480        556          0        100       7284   Library Totals
        24          0          5          0          4          0   (incl. Padding)

    ----------------------------------------------------------------------

      Code (inc. data)   RO Data    RW Data    ZI Data      Debug   Library Name

      7440        280        551          0         96       4908   c_w.l
      3742        200          0          0          0       2224   fz_ws.l
       116          0          0          0          0        152   m_ws.l

    ----------------------------------------------------------------------
     11322        480        556          0        100       7284   Library Totals

    ----------------------------------------------------------------------

==============================================================================


      Code (inc. data)   RO Data    RW Data    ZI Data      Debug   

     85498       6534       7898       1428      42332     554194   Grand Totals
     85498       6534       7898        968      42332     554194   ELF Image Totals (compressed)
     85498       6534       7898        968          0          0   ROM Totals

==============================================================================

    Total RO  Size (Code + RO Data)                93396 (  91.21kB)
    Total RW  Size (RW Data + ZI Data)             43760 (  42.73kB)
    Total ROM Size (Code + RO Data + RW Data)      94364 (  92.15kB)

==============================================================================

